<html>
<body>
<pre>
<h1>礦ision Build Log</h1>
<h2>Tool Versions:</h2>
IDE-Version: μVision V5.25.3.0
Copyright (C) 2018 ARM Ltd and ARM Germany GmbH. All rights reserved.
License Information: HWP 0, AJ, LIC=S5ISZ-J99P1-INAA7-ELI4E-R47UF-PLSIG
 
Tool Versions:
Toolchain:       MDK-ARM Professional  Version: 5.14.0.0
Toolchain Path:  D:\offer\KEIL\ARM\ARMCC\Bin
C Compiler:      Armcc.exe V5.05 update 1 (build 106)
Assembler:       Armasm.exe V5.05 update 1 (build 106)
Linker/Locator:  ArmLink.exe V5.05 update 1 (build 106)
Library Manager: ArmAr.exe V5.05 update 1 (build 106)
Hex Converter:   FromElf.exe V5.05 update 1 (build 106)
CPU DLL:         SARMCM3.DLL V5.14.0.0
Dialog DLL:      DARMCM1.DLL V1.12.0.0
Target DLL:      Segger\JL2CM3.dll V2.99.13.0
Dialog DLL:      TARMCM1.DLL V1.9.0.0
 
<h2>Project:</h2>
D:\work\todo_pro\OEM_v05\20220718_V5-OEM-AQPGX008\APP\AQPGX008.uvprojx
Project File Date:  07/12/2022

<h2>Output:</h2>
*** Using Compiler 'V5.05 update 1 (build 106)', folder: 'D:\offer\KEIL\ARM\ARMCC\Bin'
Build target 'AQW1801'
compiling E2prom.c...
linking...
Program Size: Code=39100 RO-data=1328 RW-data=1040 ZI-data=5168  
FromELF: creating hex file...
After Build - User command #1: fromelf.exe --bin --output ./DEBUG/BIN/AQPGX008.bin ./DEBUG/OBJ/AQPGX008.axf
After Build - User command #2: .\DEBUG\hexmove.bat
D:\work\todo_pro\OEM_v05\20220718_V5-OEM-AQPGX008\APP\DEBUG\OBJ\AQPGX008.hex
移动了         1 个文件。
".\DEBUG\OBJ\AQPGX008.axf" - 0 Error(s), 0 Warning(s).

<h2>Software Packages used:</h2>

Package Vendor: Keil
                https://www.keil.com/pack/Keil.STM32F0xx_DFP.2.1.1.pack
                Keil.STM32F0xx_DFP.2.1.1
                STMicroelectronics STM32F0 Series Device Support, Drivers and Examples

<h2>Collection of Component include folders:</h2>
  .\RTE\_AQW1801
  D:\offer\KEIL\ARM\PACK\Keil\STM32F0xx_DFP\2.1.1\Drivers\CMSIS\Device\ST\STM32F0xx\Include

<h2>Collection of Component Files used:</h2>
Build Time Elapsed:  00:00:01
</pre>
</body>
</html>
