Component: ARM Compiler 5.05 update 1 (build 106) Tool: armlink [4d0efa]

==============================================================================

Section Cross References

    system_stm32f0xx.o(i.SystemCoreClockUpdate) refers to uidiv.o(.text) for __aeabi_uidivmod
    system_stm32f0xx.o(i.SystemCoreClockUpdate) refers to system_stm32f0xx.o(.data) for .data
    system_stm32f0xx.o(i.SystemInit) refers to system_stm32f0xx.o(i.SetSysClock) for SetSysClock
    startup_stm32f030x8.o(RESET) refers to startup_stm32f030x8.o(STACK) for __initial_sp
    startup_stm32f030x8.o(RESET) refers to startup_stm32f030x8.o(.text) for Reset_Handler
    startup_stm32f030x8.o(RESET) refers to stm32f0xx_it.o(i.NMI_Handler) for NMI_Handler
    startup_stm32f030x8.o(RESET) refers to stm32f0xx_it.o(i.HardFault_Handler) for HardFault_Handler
    startup_stm32f030x8.o(RESET) refers to stm32f0xx_it.o(i.SVC_Handler) for SVC_Handler
    startup_stm32f030x8.o(RESET) refers to stm32f0xx_it.o(i.PendSV_Handler) for PendSV_Handler
    startup_stm32f030x8.o(RESET) refers to sysclock.o(i.SysTick_Handler) for SysTick_Handler
    startup_stm32f030x8.o(RESET) refers to suart.o(i.EXTI4_15_IRQHandler) for EXTI4_15_IRQHandler
    startup_stm32f030x8.o(RESET) refers to uart485.o(i.TIM2_IRQHandler) for TIM2_IRQHandler
    startup_stm32f030x8.o(RESET) refers to lcd_1621.o(i.TIM3_IRQHandler) for TIM3_IRQHandler
    startup_stm32f030x8.o(RESET) refers to suart.o(i.TIM6_DAC_IRQHandler) for TIM6_DAC_IRQHandler
    startup_stm32f030x8.o(RESET) refers to wifi.o(i.USART2_IRQHandler) for USART2_IRQHandler
    startup_stm32f030x8.o(.text) refers to system_stm32f0xx.o(i.SystemInit) for SystemInit
    startup_stm32f030x8.o(.text) refers to entry.o(.ARM.Collect$$$$00000000) for __main
    stm32f0xx_adc.o(i.ADC_DeInit) refers to stm32f0xx_rcc.o(i.RCC_APB2PeriphResetCmd) for RCC_APB2PeriphResetCmd
    stm32f0xx_gpio.o(i.GPIO_DeInit) refers to stm32f0xx_rcc.o(i.RCC_AHBPeriphResetCmd) for RCC_AHBPeriphResetCmd
    stm32f0xx_rcc.o(i.RCC_GetClocksFreq) refers to uidiv.o(.text) for __aeabi_uidivmod
    stm32f0xx_rcc.o(i.RCC_GetClocksFreq) refers to stm32f0xx_rcc.o(.data) for .data
    stm32f0xx_rcc.o(i.RCC_WaitForHSEStartUp) refers to stm32f0xx_rcc.o(i.RCC_GetFlagStatus) for RCC_GetFlagStatus
    stm32f0xx_tim.o(i.TIM_DeInit) refers to stm32f0xx_rcc.o(i.RCC_APB2PeriphResetCmd) for RCC_APB2PeriphResetCmd
    stm32f0xx_tim.o(i.TIM_DeInit) refers to stm32f0xx_rcc.o(i.RCC_APB1PeriphResetCmd) for RCC_APB1PeriphResetCmd
    stm32f0xx_tim.o(i.TIM_ETRClockMode1Config) refers to stm32f0xx_tim.o(i.TIM_ETRConfig) for TIM_ETRConfig
    stm32f0xx_tim.o(i.TIM_ETRClockMode2Config) refers to stm32f0xx_tim.o(i.TIM_ETRConfig) for TIM_ETRConfig
    stm32f0xx_tim.o(i.TIM_ICInit) refers to stm32f0xx_tim.o(i.TI4_Config) for TI4_Config
    stm32f0xx_tim.o(i.TIM_ICInit) refers to stm32f0xx_tim.o(i.TIM_SetIC4Prescaler) for TIM_SetIC4Prescaler
    stm32f0xx_tim.o(i.TIM_ICInit) refers to stm32f0xx_tim.o(i.TI1_Config) for TI1_Config
    stm32f0xx_tim.o(i.TIM_ICInit) refers to stm32f0xx_tim.o(i.TIM_SetIC1Prescaler) for TIM_SetIC1Prescaler
    stm32f0xx_tim.o(i.TIM_ICInit) refers to stm32f0xx_tim.o(i.TI2_Config) for TI2_Config
    stm32f0xx_tim.o(i.TIM_ICInit) refers to stm32f0xx_tim.o(i.TIM_SetIC2Prescaler) for TIM_SetIC2Prescaler
    stm32f0xx_tim.o(i.TIM_ICInit) refers to stm32f0xx_tim.o(i.TI3_Config) for TI3_Config
    stm32f0xx_tim.o(i.TIM_ICInit) refers to stm32f0xx_tim.o(i.TIM_SetIC3Prescaler) for TIM_SetIC3Prescaler
    stm32f0xx_tim.o(i.TIM_ITRxExternalClockConfig) refers to stm32f0xx_tim.o(i.TIM_SelectInputTrigger) for TIM_SelectInputTrigger
    stm32f0xx_tim.o(i.TIM_PWMIConfig) refers to stm32f0xx_tim.o(i.TI2_Config) for TI2_Config
    stm32f0xx_tim.o(i.TIM_PWMIConfig) refers to stm32f0xx_tim.o(i.TIM_SetIC2Prescaler) for TIM_SetIC2Prescaler
    stm32f0xx_tim.o(i.TIM_PWMIConfig) refers to stm32f0xx_tim.o(i.TI1_Config) for TI1_Config
    stm32f0xx_tim.o(i.TIM_PWMIConfig) refers to stm32f0xx_tim.o(i.TIM_SetIC1Prescaler) for TIM_SetIC1Prescaler
    stm32f0xx_tim.o(i.TIM_TIxExternalClockConfig) refers to stm32f0xx_tim.o(i.TI1_Config) for TI1_Config
    stm32f0xx_tim.o(i.TIM_TIxExternalClockConfig) refers to stm32f0xx_tim.o(i.TIM_SelectInputTrigger) for TIM_SelectInputTrigger
    stm32f0xx_tim.o(i.TIM_TIxExternalClockConfig) refers to stm32f0xx_tim.o(i.TI2_Config) for TI2_Config
    stm32f0xx_usart.o(i.USART_DeInit) refers to stm32f0xx_rcc.o(i.RCC_APB2PeriphResetCmd) for RCC_APB2PeriphResetCmd
    stm32f0xx_usart.o(i.USART_DeInit) refers to stm32f0xx_rcc.o(i.RCC_APB1PeriphResetCmd) for RCC_APB1PeriphResetCmd
    stm32f0xx_usart.o(i.USART_Init) refers to stm32f0xx_rcc.o(i.RCC_GetClocksFreq) for RCC_GetClocksFreq
    stm32f0xx_usart.o(i.USART_Init) refers to uidiv.o(.text) for __aeabi_uidivmod
    main.o(i.FunSysPropetyTime) refers to mode.o(.bss) for SysProTime
    main.o(i.FunSysPropetyTime) refers to mode.o(.data) for gu8SetMode
[...]
    FunMode_SpeedToPercent                   0x08002fc1   Thumb Code    66  modefunc.o(i.FunMode_SpeedToPercent)
    FunMode_UnitRound                        0x0800300d   Thumb Code    96  modefunc.o(i.FunMode_UnitRound)
    FunMonitorCom                            0x0800306d   Thumb Code   812  uart.o(i.FunMonitorCom)
    FunMotorCom                              0x080033d9   Thumb Code   516  uart.o(i.FunMotorCom)
    FunNormalWash_Set                        0x08003625   Thumb Code   196  modefunc.o(i.FunNormalWash_Set)
    FunPSensor_CycleGet                      0x08003719   Thumb Code    46  adc.o(i.FunPSensor_CycleGet)
    FunPSonser                               0x080039cd   Thumb Code    16  adc.o(i.FunPSonser)
    FunReEnterSelfStudy                      0x080039dd   Thumb Code    32  modefunc.o(i.FunReEnterSelfStudy)
    FunRtc_SysPro                            0x08003c15   Thumb Code    46  rtc.o(i.FunRtc_SysPro)
    FunSelfStudy_Set                         0x08003cf9   Thumb Code   422  modefunc.o(i.FunSelfStudy_Set)
    FunSuperWash_Set                         0x08003ee5   Thumb Code   142  modefunc.o(i.FunSuperWash_Set)
    FunSysProInit                            0x08003fa9   Thumb Code   152  mode.o(i.FunSysProInit)
    FunSysProRun                             0x08004065   Thumb Code    96  mode.o(i.FunSysProRun)
    FunSysPropetyTime                        0x080040d9   Thumb Code   108  main.o(i.FunSysPropetyTime)
    FunUpWash_Set                            0x080044d1   Thumb Code   132  modefunc.o(i.FunUpWash_Set)
    FunWriteRam_1729                         0x08004585   Thumb Code    32  lcd.o(i.FunWriteRam_1729)
    GPIO_Init                                0x080045ad   Thumb Code   114  stm32f0xx_gpio.o(i.GPIO_Init)
    GPIO_PinAFConfig                         0x0800461f   Thumb Code    34  stm32f0xx_gpio.o(i.GPIO_PinAFConfig)
    GPIO_ReadInputDataBit                    0x08004641   Thumb Code    14  stm32f0xx_gpio.o(i.GPIO_ReadInputDataBit)
    GPIO_ResetBits                           0x0800464f   Thumb Code     4  stm32f0xx_gpio.o(i.GPIO_ResetBits)
    GPIO_SetBits                             0x08004653   Thumb Code     4  stm32f0xx_gpio.o(i.GPIO_SetBits)
    GPIO_StructInit                          0x08004659   Thumb Code    18  stm32f0xx_gpio.o(i.GPIO_StructInit)
    GPIO_WriteBit                            0x08004671   Thumb Code    12  stm32f0xx_gpio.o(i.GPIO_WriteBit)
    Get_average                              0x0800467d   Thumb Code    68  adc.o(i.Get_average)
    HardFault_Handler                        0x080046c5   Thumb Code     2  stm32f0xx_it.o(i.HardFault_Handler)
    IC74HC595_En                             0x080046c9   Thumb Code    40  ic74hc595.o(i.IC74HC595_En)
    IC74HC595_Write                          0x080046f9   Thumb Code   124  ic74hc595.o(i.IC74HC595_Write)
    IWDG_Config                              0x08004775   Thumb Code    30  wdog.o(i.IWDG_Config)
    IWDG_Enable                              0x0800479d   Thumb Code     8  wdog.o(i.IWDG_Enable)
    IWDG_ReloadCounter                       0x080047ad   Thumb Code     8  wdog.o(i.IWDG_ReloadCounter)
    IWDG_SetPrescaler                        0x080047bd   Thumb Code     6  wdog.o(i.IWDG_SetPrescaler)
    IWDG_SetReload                           0x080047c9   Thumb Code     6  wdog.o(i.IWDG_SetReload)
    IWDG_WriteAccessCmd                      0x080047d5   Thumb Code     6  wdog.o(i.IWDG_WriteAccessCmd)
    IrqMonitorCom                            0x080047e1   Thumb Code    94  uart.o(i.IrqMonitorCom)
    IrqMotorCom                              0x0800484d   Thumb Code    56  uart.o(i.IrqMotorCom)
    LCD1621_GpioInit                         0x08004891   Thumb Code    30  lcd_1621.o(i.LCD1621_GpioInit)
    LCD1621_SelfSetInit                      0x080048b5   Thumb Code    82  lcd_1621.o(i.LCD1621_SelfSetInit)
    McuAdcInit                               0x0800490d   Thumb Code   176  adc.o(i.McuAdcInit)
    McuLCDInit                               0x08004b35   Thumb Code    16  lcd_1621.o(i.McuLCDInit)
    NMI_Handler                              0x08004d99   Thumb Code     2  stm32f0xx_it.o(i.NMI_Handler)
    NVIC_Init                                0x08004d9d   Thumb Code    74  stm32f0xx_misc.o(i.NVIC_Init)
    PendSV_Handler                           0x08004df5   Thumb Code     2  stm32f0xx_it.o(i.PendSV_Handler)
    RCC_ADCCLKConfig                         0x08004df9   Thumb Code    38  stm32f0xx_rcc.o(i.RCC_ADCCLKConfig)
    RCC_AHBPeriphClockCmd                    0x08004e25   Thumb Code    22  stm32f0xx_rcc.o(i.RCC_AHBPeriphClockCmd)
    RCC_APB1PeriphClockCmd                   0x08004e41   Thumb Code    22  stm32f0xx_rcc.o(i.RCC_APB1PeriphClockCmd)
    RCC_APB2PeriphClockCmd                   0x08004e5d   Thumb Code    22  stm32f0xx_rcc.o(i.RCC_APB2PeriphClockCmd)
    RCC_APB2PeriphResetCmd                   0x08004e79   Thumb Code    22  stm32f0xx_rcc.o(i.RCC_APB2PeriphResetCmd)
    RCC_GetClocksFreq                        0x08004e95   Thumb Code   230  stm32f0xx_rcc.o(i.RCC_GetClocksFreq)
    Read24c02_Sub                            0x08004f99   Thumb Code    18  e2prom.o(i.Read24c02_Sub)
    SVC_Handler                              0x08004fb1   Thumb Code     2  stm32f0xx_it.o(i.SVC_Handler)
    SYSCFG_EXTILineConfig                    0x08004fb5   Thumb Code    36  stm32f0xx_syscfg.o(i.SYSCFG_EXTILineConfig)
    SendDataToHt1621_Sub                     0x08004fdd   Thumb Code   430  lcd_1621.o(i.SendDataToHt1621_Sub)
    Siic_Recv                                0x080052c3   Thumb Code   172  siic.o(i.Siic_Recv)
    Siic_Send                                0x0800536f   Thumb Code   134  siic.o(i.Siic_Send)
    SpmTempProtect                           0x08005505   Thumb Code   282  mode.o(i.SpmTempProtect)
    SysTick_Handler                          0x08005635   Thumb Code    44  sysclock.o(i.SysTick_Handler)
    Sysclock_init                            0x08005665   Thumb Code    50  sysclock.o(i.Sysclock_init)
    SystemInit                               0x080056a9   Thumb Code    84  system_stm32f0xx.o(i.SystemInit)
    TIM2_IRQHandler                          0x08005709   Thumb Code    56  uart485.o(i.TIM2_IRQHandler)
    TIM3_ConfigInit                          0x08005745   Thumb Code   106  lcd_1621.o(i.TIM3_ConfigInit)
    TIM3_IRQHandler                          0x080057b9   Thumb Code   124  lcd_1621.o(i.TIM3_IRQHandler)
    TIM3_SetPWM                              0x08005841   Thumb Code    88  lcd_1621.o(i.TIM3_SetPWM)
    TIM6_DAC_IRQHandler                      0x080058a5   Thumb Code    48  suart.o(i.TIM6_DAC_IRQHandler)
    TIM_ClearITPendingBit                    0x080058dd   Thumb Code     6  stm32f0xx_tim.o(i.TIM_ClearITPendingBit)
    TIM_Cmd                                  0x080058e3   Thumb Code    24  stm32f0xx_tim.o(i.TIM_Cmd)
    TIM_CtrlPWMOutputs                       0x080058fb   Thumb Code    28  stm32f0xx_tim.o(i.TIM_CtrlPWMOutputs)
    TIM_GetITStatus                          0x08005917   Thumb Code    24  stm32f0xx_tim.o(i.TIM_GetITStatus)
    TIM_ITConfig                             0x0800592f   Thumb Code    20  stm32f0xx_tim.o(i.TIM_ITConfig)
    TIM_OC1Init                              0x08005945   Thumb Code   110  stm32f0xx_tim.o(i.TIM_OC1Init)
    TIM_OC1PreloadConfig                     0x080059cd   Thumb Code    12  stm32f0xx_tim.o(i.TIM_OC1PreloadConfig)
    TIM_OC2Init                              0x080059d9   Thumb Code   130  stm32f0xx_tim.o(i.TIM_OC2Init)
    TIM_OC2PreloadConfig                     0x08005a75   Thumb Code    14  stm32f0xx_tim.o(i.TIM_OC2PreloadConfig)
    TIM_OCStructInit                         0x08005a89   Thumb Code    20  stm32f0xx_tim.o(i.TIM_OCStructInit)
    TIM_SetCompare1                          0x08005a9d   Thumb Code     4  stm32f0xx_tim.o(i.TIM_SetCompare1)
    TIM_SetCompare2                          0x08005aa1   Thumb Code     4  stm32f0xx_tim.o(i.TIM_SetCompare2)
    TIM_TimeBaseInit                         0x08005aa5   Thumb Code    90  stm32f0xx_tim.o(i.TIM_TimeBaseInit)
    TIM_TimeBaseStructInit                   0x08005b1d   Thumb Code    18  stm32f0xx_tim.o(i.TIM_TimeBaseStructInit)
    USART2_IRQHandler                        0x08005b31   Thumb Code    44  wifi.o(i.USART2_IRQHandler)
    USART485_Handler                         0x08005b65   Thumb Code    56  uart.o(i.USART485_Handler)
    USART_ClearFlag                          0x08005ba5   Thumb Code     4  stm32f0xx_usart.o(i.USART_ClearFlag)
    USART_Cmd                                0x08005ba9   Thumb Code    24  stm32f0xx_usart.o(i.USART_Cmd)
    USART_GetFlagStatus                      0x08005bc1   Thumb Code    14  stm32f0xx_usart.o(i.USART_GetFlagStatus)
    USART_GetITStatus                        0x08005bcf   Thumb Code    62  stm32f0xx_usart.o(i.USART_GetITStatus)
    USART_ITConfig                           0x08005c0d   Thumb Code    50  stm32f0xx_usart.o(i.USART_ITConfig)
    USART_Init                               0x08005c41   Thumb Code   136  stm32f0xx_usart.o(i.USART_Init)
    USART_ReceiveData                        0x08005cd5   Thumb Code     8  stm32f0xx_usart.o(i.USART_ReceiveData)
    USART_SendData                           0x08005cdd   Thumb Code     8  stm32f0xx_usart.o(i.USART_SendData)
    Uart485_correction                       0x08005ce5   Thumb Code    30  uart485.o(i.Uart485_correction)
    Uart485_handler                          0x08005d0d   Thumb Code    18  uart485.o(i.Uart485_handler)
    Uart485_init                             0x08005d25   Thumb Code   208  uart485.o(i.Uart485_init)
    Uart485_recv                             0x08005df5   Thumb Code    30  uart485.o(i.Uart485_recv)
    Uart485_send                             0x08005e1d   Thumb Code    40  uart485.o(i.Uart485_send)
    Uart485_sendok                           0x08005e4d   Thumb Code    16  uart485.o(i.Uart485_sendok)
    WIFI_U2_SendData                         0x08005e61   Thumb Code    84  wifi.o(i.WIFI_U2_SendData)
    WIFI_U2_cycleInit                        0x08005ebd   Thumb Code    18  wifi.o(i.WIFI_U2_cycleInit)
    WIFI_U2_saveData                         0x08005ed9   Thumb Code   120  wifi.o(i.WIFI_U2_saveData)
    WWDG_Config                              0x08005f59   Thumb Code     8  wdog.o(i.WWDG_Config)
    Write24c02_Sub                           0x08005f61   Thumb Code    18  e2prom.o(i.Write24c02_Sub)
    __scatterload_copy                       0x08005f79   Thumb Code    14  handlers.o(i.__scatterload_copy)
    __scatterload_null                       0x08005f87   Thumb Code     2  handlers.o(i.__scatterload_null)
    __scatterload_zeroinit                   0x08005f89   Thumb Code    14  handlers.o(i.__scatterload_zeroinit)
    all_data_update                          0x08005f99   Thumb Code     8  protocol.o(i.all_data_update)
    byte_to_int                              0x08005fa5   Thumb Code    22  mcu_api.o(i.byte_to_int)
    data_handle                              0x08005fbd   Thumb Code   158  system.o(i.data_handle)
    delay_us                                 0x0800609d   Thumb Code    18  sysdelay.o(i.delay_us)
    dp_download_handle                       0x0800620d   Thumb Code    92  protocol.o(i.dp_download_handle)
    get_check_sum                            0x080064fd   Thumb Code    32  system.o(i.get_check_sum)
    get_download_cmd_total                   0x08006545   Thumb Code     4  protocol.o(i.get_download_cmd_total)
    main                                     0x08006589   Thumb Code   194  main.o(i.main)
    mcu_dp_bool_update                       0x0800665d   Thumb Code    76  mcu_api.o(i.mcu_dp_bool_update)
    mcu_dp_enum_update                       0x080066ad   Thumb Code    64  mcu_api.o(i.mcu_dp_enum_update)
    mcu_dp_fault_update                      0x080066f1   Thumb Code   130  mcu_api.o(i.mcu_dp_fault_update)
    mcu_dp_value_update                      0x08006779   Thumb Code    86  mcu_api.o(i.mcu_dp_value_update)
    mcu_get_dp_download_bool                 0x080067d5   Thumb Code     4  mcu_api.o(i.mcu_get_dp_download_bool)
    mcu_get_dp_download_enum                 0x080067d9   Thumb Code     4  mcu_api.o(i.mcu_get_dp_download_enum)
    mcu_get_dp_download_value                0x080067dd   Thumb Code     8  mcu_api.o(i.mcu_get_dp_download_value)
    mcu_get_wifi_work_state                  0x080067e5   Thumb Code     6  mcu_api.o(i.mcu_get_wifi_work_state)
    mcu_set_wifi_mode                        0x080067f1   Thumb Code    26  mcu_api.o(i.mcu_set_wifi_mode)
    mcu_start_wifitest                       0x08006811   Thumb Code    14  mcu_api.o(i.mcu_start_wifitest)
    my_memcpy                                0x0800681f   Thumb Code    76  mcu_api.o(i.my_memcpy)
    my_strlen                                0x0800686b   Thumb Code    32  mcu_api.o(i.my_strlen)
    pro_all_updata                           0x0800688d   Thumb Code   336  wifi.o(i.pro_all_updata)
    pro_wifi_handle                          0x080069e1   Thumb Code   154  wifi.o(i.pro_wifi_handle)
    pro_wifi_updata                          0x08006a81   Thumb Code  1648  wifi.o(i.pro_wifi_updata)
    pro_wifiuart_init                        0x08007135   Thumb Code   150  init.o(i.pro_wifiuart_init)
    set_wifi_uart_buffer                     0x0800729d   Thumb Code    24  system.o(i.set_wifi_uart_buffer)
    set_wifi_uart_byte                       0x080072b9   Thumb Code    12  system.o(i.set_wifi_uart_byte)
    suart1_SetRxProcess                      0x08007311   Thumb Code     6  suart.o(i.suart1_SetRxProcess)
    suart1_TxState                           0x0800731d   Thumb Code    10  suart.o(i.suart1_TxState)
    suart1_init                              0x0800732d   Thumb Code   184  suart.o(i.suart1_init)
    suart1_listen                            0x080073ed   Thumb Code    36  suart.o(i.suart1_listen)
    suart1_rx                                0x08007415   Thumb Code   184  suart.o(i.suart1_rx)
    suart1_rx_onoff                          0x080074e1   Thumb Code    74  suart.o(i.suart1_rx_onoff)
    suart1_send                              0x08007539   Thumb Code    68  suart.o(i.suart1_send)
    suart1_tx                                0x08007585   Thumb Code   180  suart.o(i.suart1_tx)
    sub1stRam                                0x0800764d   Thumb Code   284  modefunc.o(i.sub1stRam)
    subBuzCtrl                               0x080077c5   Thumb Code    20  key.o(i.subBuzCtrl)
    subDispEndHour                           0x0800790d   Thumb Code    70  lcdfunc.o(i.subDispEndHour)
    subDispEndMin                            0x0800795d   Thumb Code    70  lcdfunc.o(i.subDispEndMin)
    subDispNowHour                           0x080079ad   Thumb Code    70  lcdfunc.o(i.subDispNowHour)
    subDispNowMin                            0x080079fd   Thumb Code    70  lcdfunc.o(i.subDispNowMin)
    subDispRpm                               0x08007a4d   Thumb Code   114  lcdfunc.o(i.subDispRpm)
    subDispStartHour                         0x08007acd   Thumb Code    70  lcdfunc.o(i.subDispStartHour)
    subDispStartMin                          0x08007b1d   Thumb Code    70  lcdfunc.o(i.subDispStartMin)
    subDispTrip                              0x08007b6d   Thumb Code   534  lcd.o(i.subDispTrip)
    subDispTripFlash                         0x08007d95   Thumb Code    42  lcd.o(i.subDispTripFlash)
    subDispUnit                              0x08007dcd   Thumb Code   100  lcdfunc.o(i.subDispUnit)
    subDispWt                                0x08007e35   Thumb Code   114  lcdfunc.o(i.subDispWt)
    subModeUpDown                            0x0800866d   Thumb Code    40  modefunc.o(i.subModeUpDown)
    subMotorTrip                             0x08008699   Thumb Code   876  errorfunc.o(i.subMotorTrip)
    subRead8563                              0x08008a5d   Thumb Code    18  rtc.o(i.subRead8563)
    subSetMode                               0x08008a75   Thumb Code  1384  mode.o(i.subSetMode)
    subSetRomUpDown                          0x08008ff9   Thumb Code   228  modefunc.o(i.subSetRomUpDown)
    subSetTimeQuery                          0x0800928d   Thumb Code    64  mode.o(i.subSetTimeQuery)
    subSpdToMotor                            0x080092d5   Thumb Code   122  mode.o(i.subSpdToMotor)
    subTestMode                              0x080093b5   Thumb Code   280  mode.o(i.subTestMode)
    subWrite8563                             0x080094f5   Thumb Code    18  rtc.o(i.subWrite8563)
    switch_read                              0x0800950d   Thumb Code    94  ic74hc165.o(i.switch_read)
    sys_Countdown                            0x08009579   Thumb Code   140  main.o(i.sys_Countdown)
    take_byte_rxbuff                         0x0800960d   Thumb Code    30  system.o(i.take_byte_rxbuff)
    uart485_rx                               0x08009639   Thumb Code   174  uart485.o(i.uart485_rx)
    uart485_rx_onoff                         0x080096f9   Thumb Code    70  uart485.o(i.uart485_rx_onoff)
    uart485_tx                               0x08009749   Thumb Code   144  uart485.o(i.uart485_tx)
    uart_receive_input                       0x080097e1   Thumb Code    48  mcu_api.o(i.uart_receive_input)
    wifi_protocol_init                       0x08009821   Thumb Code    24  mcu_api.o(i.wifi_protocol_init)
    wifi_test_result                         0x0800984d   Thumb Code    26  protocol.o(i.wifi_test_result)
    wifi_uart_service                        0x0800986d   Thumb Code   182  mcu_api.o(i.wifi_uart_service)
    wifi_uart_write_frame                    0x0800992d   Thumb Code    52  system.o(i.wifi_uart_write_frame)
    with_data_rxbuff                         0x08009965   Thumb Code    18  system.o(i.with_data_rxbuff)
    u8SpmTempTab                             0x0800997c   Data           3  mode.o(.constdata)
    u8LcdDispTab1                            0x0800997f   Data          26  lcdfunc.o(.constdata)
    u16LadderSpd_ip20                        0x0800999c   Data          68  ic74hc165.o(.constdata)
    u16LadderSpd_ip25                        0x080099e0   Data          68  ic74hc165.o(.constdata)
    u16LadderSpd_ip30                        0x08009a24   Data          68  ic74hc165.o(.constdata)
    sp_2600_con_press_ip20                   0x08009a68   Data          36  ic74hc165.o(.constdata)
    sp_2600_con_flow_ip20                    0x08009a8c   Data          72  ic74hc165.o(.constdata)
    sp_2600_con_press_ip25                   0x08009ad4   Data          36  ic74hc165.o(.constdata)
    sp_2600_con_flow_ip25                    0x08009af8   Data          72  ic74hc165.o(.constdata)
    sp_2600_con_press_ip30                   0x08009b40   Data          36  ic74hc165.o(.constdata)
    sp_2600_con_flow_ip30                    0x08009b64   Data          72  ic74hc165.o(.constdata)
    auchCRCHi                                0x08009bac   Data         256  uart.o(.constdata)
    auchCRCLo                                0x08009cac   Data         256  uart.o(.constdata)
    download_cmd                             0x08009dac   Data          32  protocol.o(.constdata)
    Region$$Table$$Base                      0x08009dcc   Number         0  anon$$obj.o(Region$$Table)
    Region$$Table$$Limit                     0x08009dec   Number         0  anon$$obj.o(Region$$Table)
    SystemCoreClock                          0x20000000   Data           4  system_stm32f0xx.o(.data)
    AHBPrescTable                            0x20000004   Data          16  system_stm32f0xx.o(.data)
    u8Tim500msCnt                            0x20000024   Data           1  main.o(.data)
    gu8WashOneSec                            0x20000025   Data           1  main.o(.data)
    count_5s_dis_realwater                   0x20000026   Data           1  main.o(.data)
    bTime3s_sec                              0x20000027   Data           1  main.o(.data)
    count2s_wifi_gu16MotorWt_up              0x20000028   Data           1  main.o(.data)
    u8SysExcuteOrder                         0x20000029   Data           1  main.o(.data)
    count_1min_kilowatt_hour                 0x2000002a   Data           2  main.o(.data)
    count_05h_error_clear                    0x20000030   Data           4  main.o(.data)
    T_base                                   0x20000034   Data           4  main.o(.data)
    u8fg_SysIsOn                             0x20000038   Data           1  mode.o(.data)
    gu8SetMode                               0x20000039   Data           1  mode.o(.data)
    gu8SetMode_ago                           0x2000003a   Data           1  mode.o(.data)
    u8WashState                              0x2000003b   Data           1  mode.o(.data)
    u8OutCtrlState                           0x2000003c   Data           1  mode.o(.data)
    gu8MotorStopTm                           0x2000003d   Data           1  mode.o(.data)
    gu8SetTimeTm                             0x2000003e   Data           1  mode.o(.data)
    gu8BakLgtDlyTm                           0x2000003f   Data           1  mode.o(.data)
    gu8SetTimeQueryTm                        0x20000040   Data           1  mode.o(.data)
    gu8SpmTempDwTm                           0x20000041   Data           1  mode.o(.data)
    gu8MotorTrip                             0x20000042   Data           1  mode.o(.data)
    gu8SpmTempAvg                            0x20000043   Data           1  mode.o(.data)
    bCompOnCmd                               0x20000044   Data           1  mode.o(.data)
    fg_hand_close                            0x20000045   Data           1  mode.o(.data)
    u8ModeSpeed_SpeedSet                     0x20000046   Data           1  mode.o(.data)
    fg_ModeUnit_IsChange                     0x20000047   Data           1  mode.o(.data)
    gu8SetTimeState                          0x20000048   Data           1  mode.o(.data)
    gu8SetTimeTmSn                           0x20000049   Data           1  mode.o(.data)
    gu8SetTimeTmNum                          0x2000004a   Data           1  mode.o(.data)
    u8ModeTimeRunSpeed                       0x2000004b   Data           1  mode.o(.data)
    gu8SetTimeQuerySn                        0x2000004c   Data           1  mode.o(.data)
    gu8TimeRunNum                            0x2000004d   Data           1  mode.o(.data)
    gu8TimeFlg                               0x2000004e   Data           1  mode.o(.data)
    gu8AcVoltLmtTm                           0x2000004f   Data           1  mode.o(.data)
    u8SysTestTm                              0x20000050   Data           1  mode.o(.data)
    KeyLed1                                  0x20000051   Data           1  mode.o(.data)
    KeyLed2                                  0x20000052   Data           1  mode.o(.data)
    KeyLed3                                  0x20000053   Data           1  mode.o(.data)
    KeyLed4                                  0x20000054   Data           1  mode.o(.data)
    KeyLed5                                  0x20000055   Data           1  mode.o(.data)
    KeyLed6                                  0x20000056   Data           1  mode.o(.data)
    fg_time_spd_contorl                      0x20000057   Data           1  mode.o(.data)
    fg_host_tempoverhigh                     0x20000058   Data           1  mode.o(.data)
    fg_gu8SetMode_laststate_lowwater         0x20000059   Data           1  mode.o(.data)
    fg_TimeSetSpd                            0x2000005a   Data           1  mode.o(.data)
    count_upwater_iserror                    0x2000005b   Data           1  mode.o(.data)
    SysProState                              0x2000005c   Data           1  mode.o(.data)
    fg_atext485Error                         0x2000005d   Data           1  mode.o(.data)
    u16ModeGate_GateSet                      0x20000062   Data           2  mode.o(.data)
    gu8SetTimeFlg                            0x20000064   Data           2  mode.o(.data)
    gu16SetNowTm                             0x20000066   Data           2  mode.o(.data)
    gu16AcVolt                               0x20000068   Data           4  mode.o(.data)
    gu16RunSpd                               0x2000006c   Data           4  mode.o(.data)
    gu16RunSpd_bef                           0x20000070   Data           4  mode.o(.data)
    gu16MotorSetSpd                          0x20000074   Data           4  mode.o(.data)
    u8ModeTimeRunGate                        0x20000078   Data           4  mode.o(.data)
    gu16UartRunSpd                           0x2000007c   Data           4  mode.o(.data)
    WaterGate_set                            0x20000080   Data           4  mode.o(.data)
    gs16RunNowTm                             0x2000008c   Data           4  mode.o(.data)
    u8ModeTime_SpeedSet                      0x20000090   Data           4  mode.o(.data)
    u8ModeTime_SpeedSet_Tem                  0x20000094   Data           4  mode.o(.data)
    SetStartTm                               0x20000098   Data           8  mode.o(.data)
    SetEndTm                                 0x200000a0   Data           8  mode.o(.data)
    gs16RunStartTm                           0x200000a8   Data           8  mode.o(.data)
    gs16RunEndTm                             0x200000b0   Data           8  mode.o(.data)
    u8ModeTime_GateSet                       0x200000b8   Data           8  mode.o(.data)
    u8ModeTime_GateSet_Tem                   0x200000c0   Data           8  mode.o(.data)
    gu8SetMode_Bef                           0x200000c8   Data           1  mode.o(.data)
    gu16AcCurrent                            0x200000cc   Data           4  mode.o(.data)
    gu16DcVolt                               0x200000d0   Data           4  mode.o(.data)
    gu16PhaseCurrent                         0x200000d4   Data           4  mode.o(.data)
    gu16MotorWt                              0x200000d8   Data           4  mode.o(.data)
    gu8BuzzDlyTm                             0x200000dc   Data           1  mode.o(.data)
    gu8SetFlg                                0x200000dd   Data           1  mode.o(.data)
    u8FirstFunIn                             0x200000de   Data           1  mode.o(.data)
    fg_slave_tempoverhigh                    0x200000df   Data           1  mode.o(.data)
    gu8SetMode_eep                           0x200000e0   Data           1  mode.o(.data)
    fg_rest_con_wifi                         0x200000e1   Data           1  mode.o(.data)
    fg_auto_upwater                          0x200000e2   Data           1  mode.o(.data)
    gu8upwateroverokTm                       0x200000e3   Data           1  mode.o(.data)
    gu16upwateriserrorTm                     0x200000e4   Data           2  mode.o(.data)
    TwinkleTm                                0x200000e8   Data           1  lcd.o(.data)
    gu8SetTimeFlashCnt                       0x200000e9   Data           1  lcd.o(.data)
    gu8TripQueryTm                           0x200000ea   Data           1  lcd.o(.data)
    SysAgingTwinTm                           0x200000eb   Data           1  lcd.o(.data)
    gu8SetWastTm                             0x200000f2   Data           1  lcd.o(.data)
    gu16TripFlg_Board                        0x200000f8   Data           4  lcd.o(.data)
    gu16TripFlg_Driver                       0x200000fc   Data           4  lcd.o(.data)
    gu16TripFlg_Warn                         0x20000100   Data           4  lcd.o(.data)
    gu16TripFlg_Warn_bef                     0x20000104   Data           4  lcd.o(.data)
    gu16TripNum                              0x20000108   Data           4  lcd.o(.data)
    u16LadderSpd                             0x2000010c   Data          68  lcd.o(.data)
    displayIc                                0x20000150   Data          32  lcd.o(.data)
    u16LadderSpd_rang                        0x20000170   Data           4  lcd.o(.data)
    gu16TripFlg_Board_Bef                    0x20000174   Data           4  lcd.o(.data)
    gu16TripFlg_Driver_bef                   0x20000178   Data           4  lcd.o(.data)
    gu8LcdInitTm                             0x2000017c   Data           1  lcd.o(.data)
    u8SD_SoftWareVerTm                       0x20000180   Data           1  modefunc.o(.data)
    u8SD_ParamSetTm                          0x20000181   Data           1  modefunc.o(.data)
    u8SD_ParamSetOrder                       0x20000182   Data           1  modefunc.o(.data)
    u8SD_ParamSet_OCtrlSpd1                  0x20000183   Data           1  modefunc.o(.data)
    u8SD_ParamSet_OCtrlSpd2                  0x20000184   Data           1  modefunc.o(.data)
    u8SD_ParamSet_OCtrlSpd3                  0x20000185   Data           1  modefunc.o(.data)
    u8SD_ParamSet_HandWashSpd                0x20000186   Data           1  modefunc.o(.data)
    u8fg_SD_ParamSet_AnalogSel               0x20000187   Data           1  modefunc.o(.data)
    u8SD_PowerOnTm                           0x20000188   Data           1  modefunc.o(.data)
    u8SD_ReStoreDisWaterTm                   0x20000189   Data           1  modefunc.o(.data)
    u8SD_IntoReStoreDisWater                 0x2000018a   Data           1  modefunc.o(.data)
    fg_air_cali                              0x2000018b   Data           1  modefunc.o(.data)
    u8SD_PSensorDisTm                        0x2000018c   Data           1  modefunc.o(.data)
    u8fg_SD_PSensorOpen                      0x2000018d   Data           1  modefunc.o(.data)
    u8SD_PressAdDisTm                        0x2000018e   Data           1  modefunc.o(.data)
    fg_rest_con_ok                           0x2000018f   Data           1  modefunc.o(.data)
    fg_ModeGateUnit                          0x20000190   Data           1  modefunc.o(.data)
    fg_ModeTimeUnit                          0x20000191   Data           1  modefunc.o(.data)
    fg_auto_upwater_end                      0x20000192   Data           1  modefunc.o(.data)
    fg_InParamSet                            0x20000193   Data           1  modefunc.o(.data)
    fg_SelfStudy_GetAd                       0x20000194   Data           1  modefunc.o(.data)
    count_SelfStudy                          0x20000195   Data           1  modefunc.o(.data)
    WashTmSet                                0x20000198   Data           4  modefunc.o(.data)
    WashTmSet_Normal                         0x2000019c   Data           4  modefunc.o(.data)
    WashTm                                   0x200001a0   Data           4  modefunc.o(.data)
    count_dis_WaterPress_value_tm            0x200001a4   Data           1  modefunc.o(.data)
    gu8Wash                                  0x200001a5   Data           1  modefunc.o(.data)
    gu8MotorTripBef                          0x200001a8   Data           1  errorfunc.o(.data)
    count_Inmotmisitem_tm                    0x200001a9   Data           1  errorfunc.o(.data)
    count_Insysdriverr_tm                    0x200001aa   Data           1  errorfunc.o(.data)
    count_Indccurrer_tm                      0x200001ab   Data           1  errorfunc.o(.data)
    count_Incurroverh_tm                     0x200001ac   Data           1  errorfunc.o(.data)
    count_Inpfcprot_tm                       0x200001ad   Data           1  errorfunc.o(.data)
    count_IpmTempoverh_tm                    0x200001ae   Data           1  errorfunc.o(.data)
    gu8SpmTempOVHCnt                         0x200001af   Data           1  errorfunc.o(.data)
    count_Inmotoverload_tm                   0x200001b0   Data           1  errorfunc.o(.data)
    count_Innowater_tm                       0x200001b1   Data           1  errorfunc.o(.data)
    count_05h_error_clear_Inmotmisitem       0x200001b4   Data           4  errorfunc.o(.data)
    count_05h_error_clear_Insysdriverr       0x200001b8   Data           4  errorfunc.o(.data)
    count_05h_error_clear_Indccurrer         0x200001bc   Data           4  errorfunc.o(.data)
    count_05h_error_clear_Incurroverh        0x200001c0   Data           4  errorfunc.o(.data)
    count_05h_error_clear_Inpfcprot          0x200001c4   Data           4  errorfunc.o(.data)
    count_05h_error_clear_IpmTempoverh       0x200001c8   Data           4  errorfunc.o(.data)
    count_05h_error_clear_gu8SpmTempOVHCnt   0x200001cc   Data           4  errorfunc.o(.data)
    count_05h_error_clear_Inmotoverload      0x200001d0   Data           4  errorfunc.o(.data)
    count_05h_error_clear_Innowater          0x200001d4   Data           4  errorfunc.o(.data)
    gu8InCtrlFlg                             0x200001d8   Data           2  key.o(.data)
    gu8KeyFlg                                0x200001da   Data           1  key.o(.data)
    gu8KeyStatusBef                          0x200001db   Data           1  key.o(.data)
    gu8LockKeyTm                             0x200001dc   Data           1  key.o(.data)
    u8OutCtrl_Din                            0x200001dd   Data           1  key.o(.data)
    gu16NoKeyFlg                             0x200001e0   Data           2  key.o(.data)
    gu16KeyPressedTm_wifi_ap                 0x200001e2   Data           2  key.o(.data)
    gu16KeyPressedTm                         0x200001e4   Data           2  key.o(.data)
    u8DinLFTCnt                              0x200001e6   Data           4  key.o(.data)
    gu8PowerOnTm                             0x200001ea   Data           1  key.o(.data)
    fg_selfimbi_ok                           0x200001eb   Data           1  key.o(.data)
    water_set_range_max                      0x200001ec   Data           1  ic74hc165.o(.data)
    water_set_range_min                      0x200001ed   Data           1  ic74hc165.o(.data)
    switch_key                               0x200001ee   Data           1  ic74hc165.o(.data)
    switch_din                               0x200001ef   Data           1  ic74hc165.o(.data)
    WaterGate_cail_ot_preset                 0x200001f0   Data           2  ic74hc165.o(.data)
    water_uint_switch                        0x200001f2   Data           1  ic74hc165.o(.data)
    fg_flash_rest_con                        0x200001f4   Data           1  adc.o(.data)
    PSensor_GetOK                            0x200001f5   Data           1  adc.o(.data)
    getadbaseTm                              0x200001f6   Data           1  adc.o(.data)
    getwaterpressTm                          0x200001f7   Data           1  adc.o(.data)
    fg_waterPress_value_time                 0x200001f8   Data           1  adc.o(.data)
    gu8SensorIserror500msTm                  0x200001f9   Data           1  adc.o(.data)
    count_Sensor_1min_tm                     0x200001fa   Data           1  adc.o(.data)
    count_UpWater_1min_tm                    0x200001fb   Data           1  adc.o(.data)
    gu8AutoUpWater500msTm                    0x200001fc   Data           1  adc.o(.data)
    fg_waterPress_lowpower                   0x200001fd   Data           1  adc.o(.data)
    Analog_GetOK                             0x200001fe   Data           1  adc.o(.data)
    temp_cail_add                            0x20000206   Data           2  adc.o(.data)
    temp_cail_subtra                         0x20000208   Data           2  adc.o(.data)
    Temp_Value_curr_zf10_test                0x2000020a   Data           2  adc.o(.data)
    Temp_value_test                          0x2000020c   Data           2  adc.o(.data)
    fg_AD_hanok_time                         0x2000020e   Data           2  adc.o(.data)
    count_6min_lowwater                      0x20000210   Data           2  adc.o(.data)
    count_02min_lowwater                     0x20000212   Data           2  adc.o(.data)
    atextconad                               0x20000214   Data           2  adc.o(.data)
    Temp_Value                               0x2000021c   Data           4  adc.o(.data)
    WaterPress_value                         0x20000220   Data           4  adc.o(.data)
    u16Analog_AD                             0x20000224   Data           4  adc.o(.data)
    atextad                                  0x20000228   Data           4  adc.o(.data)
    AD_fin                                   0x2000022c   Data           4  adc.o(.data)
    AD_fin_buf                               0x20000230   Data           4  adc.o(.data)
    AD_fin_xxbuf                             0x20000234   Data           4  adc.o(.data)
    sum_waterpress_lowwater                  0x20000238   Data           4  adc.o(.data)
    waterpress_lowwater_max                  0x2000023c   Data           4  adc.o(.data)
    waterpress_lowwater_min                  0x20000240   Data           4  adc.o(.data)
    AutoUpWater_Base                         0x20000244   Data           4  adc.o(.data)
    WaterGate                                0x20000250   Data           4  adc.o(.data)
    water_max_set                            0x20000254   Data           1  adc.o(.data)
    water_min_set                            0x20000255   Data           1  adc.o(.data)
    sp_2600_con_press                        0x20000256   Data          36  adc.o(.data)
    sp_2600_con_flow                         0x2000027a   Data          72  adc.o(.data)
    gu8RTCRdTripCnt                          0x200002c4   Data           1  rtc.o(.data)
    gu8RTCWaitTm                             0x200002c5   Data           1  rtc.o(.data)
    u8fg_Rtc_SysInitFirst                    0x200002c6   Data           1  rtc.o(.data)
    Pcf8563_iic                              0x200002d4   Data          20  rtc.o(.data)
    u8E2RdWaitTm                             0x200002e8   Data           1  e2prom.o(.data)
    u8fg_E2_SysFirstIn                       0x200002e9   Data           1  e2prom.o(.data)
    atexttabm                                0x200002f6   Data           2  e2prom.o(.data)
    At24c02ic                                0x200002f8   Data          20  e2prom.o(.data)
    gu16RomMinSpd                            0x2000030c   Data           4  e2prom.o(.data)
    RxDataLen                                0x20000314   Data           1  uart.o(.data)
    commCount                                0x20000315   Data           1  uart.o(.data)
    MotorComStatus                           0x20000316   Data           1  uart.o(.data)
    gu8MotorComFlg                           0x20000317   Data           1  uart.o(.data)
    gu8MotorComTm                            0x20000318   Data           1  uart.o(.data)
    gu8MotorComTripTm                        0x20000319   Data           1  uart.o(.data)
    gu8MonitorTxdSn                          0x2000031a   Data           1  uart.o(.data)
    MonitorComStatus                         0x2000031b   Data           1  uart.o(.data)
    gu8MonitorRxdSn                          0x2000031c   Data           1  uart.o(.data)
    gu8MonitorTxdTm                          0x2000031d   Data           1  uart.o(.data)
    gu8MonitComErrTm                         0x2000031e   Data           1  uart.o(.data)
    gMonitorMaxSn                            0x2000031f   Data           1  uart.o(.data)
    gMonitor1BtyeTm                          0x20000320   Data           1  uart.o(.data)
    fg_ageing_ok                             0x20000321   Data           1  uart.o(.data)
    gu8SpmTempAvg_lvbuf                      0x20000322   Data           1  uart.o(.data)
    count_gu8SpmTempAvg_lvbuf                0x20000323   Data           1  uart.o(.data)
    count_gu16AcVolt_lvbuf                   0x20000324   Data           1  uart.o(.data)
    fg_host_uart_error                       0x20000325   Data           1  uart.o(.data)
    fg_slave_uart_error                      0x20000326   Data           1  uart.o(.data)
    u8Ctrl485OnUseTm                         0x20000327   Data           1  uart.o(.data)
    gu8MotorTripClrTm                        0x20000328   Data           1  uart.o(.data)
    gu8MotorTripBuf                          0x20000329   Data           1  uart.o(.data)
    atextTripWt                              0x2000032a   Data           1  uart.o(.data)
    atextTemp                                0x2000032b   Data           1  uart.o(.data)
    atextageing                              0x2000032c   Data           1  uart.o(.data)
    atextwt                                  0x20000330   Data           4  uart.o(.data)
    gstCodeTime                              0x20000334   Data           4  uart.o(.data)
    gu16UartSpd                              0x20000338   Data           4  uart.o(.data)
    gu16AcVolt_lvbuf                         0x2000033c   Data           4  uart.o(.data)
    atextAc                                  0x20000340   Data           4  uart.o(.data)
    Modcode                                  0x20000344   Data           4  uart.o(.data)
    sndBuffer                                0x20000348   Data           7  uart.o(.data)
    gu8MonitorTxdBuf                         0x2000034f   Data           8  uart.o(.data)
    suart1_state                             0x2000035d   Data           3  suart.o(.data)
    suart1_rx_process                        0x20000360   Data           4  suart.o(.data)
    uart485_send_buf                         0x20000364   Data           1  uart485.o(.data)
    gu8uart485corrTm                         0x20000365   Data           1  uart485.o(.data)
    uart485_state                            0x2000036a   Data           3  uart485.o(.data)
    TIM3_PWMCompare                          0x20000370   Data           2  lcd_1621.o(.data)
    fg_light_pwm                             0x20000372   Data           1  ic74hc595.o(.data)
    fg_wifi_ap_mode                          0x20000374   Data           1  wifi.o(.data)
    fg_wifi_smart_mode                       0x20000375   Data           1  wifi.o(.data)
    fg_wifi_led                              0x20000376   Data           1  wifi.o(.data)
    wifi_gu8SetMode_enum                     0x20000377   Data           1  wifi.o(.data)
    wifi_power_switch_bool                   0x20000378   Data           1  wifi.o(.data)
    wifi_water_uint_switch_enum              0x20000379   Data           1  wifi.o(.data)
    wifi_flow_press_warn_bool                0x2000037a   Data           1  wifi.o(.data)
    wifi_gu8SetMode_enum_buf                 0x2000037b   Data           1  wifi.o(.data)
    wifi_power_switch_bool_buf               0x2000037c   Data           1  wifi.o(.data)
    wifi_water_uint_switch_enum_buf          0x2000037d   Data           1  wifi.o(.data)
    wifi_flow_press_warn_bool_buf            0x2000037e   Data           1  wifi.o(.data)
    fg_dp_download_mode                      0x2000037f   Data           1  wifi.o(.data)
    fg_dp_download_backwash_time_set         0x20000380   Data           1  wifi.o(.data)
    fg_dp_download_swtich                    0x20000381   Data           1  wifi.o(.data)
    fg_dp_download_uint_switch               0x20000382   Data           1  wifi.o(.data)
    fg_dp_download_flow_rate_set             0x20000383   Data           1  wifi.o(.data)
    fg_dp_download_speed_set                 0x20000384   Data           1  wifi.o(.data)
    fg_20ms_delay_ask                        0x20000385   Data           1  wifi.o(.data)
    fg_1min_kilowatt_hour                    0x20000386   Data           1  wifi.o(.data)
    all_updata_step                          0x20000387   Data           1  wifi.o(.data)
    u2overfg                                 0x20000388   Data           1  wifi.o(.data)
    count_250ms_wifi_shine                   0x2000038a   Data           2  wifi.o(.data)
    count_1500ms_wifi_shine                  0x2000038c   Data           2  wifi.o(.data)
    sum_kilowatt_hour                        0x20000390   Data           4  wifi.o(.data)
    wifi_error_fault                         0x20000394   Data           4  wifi.o(.data)
    wifi_gu16MotorWt_value                   0x20000398   Data           4  wifi.o(.data)
    wifi_water_setrange_max_value            0x2000039c   Data           4  wifi.o(.data)
    wifi_gu16RunSpd_real_value               0x200003a0   Data           4  wifi.o(.data)
    wifi_WashTmSet_value                     0x200003a4   Data           4  wifi.o(.data)
    wifi_WaterGate_set_value                 0x200003a8   Data           4  wifi.o(.data)
    wifi_water_setrange_min_value            0x200003ac   Data           4  wifi.o(.data)
    wifi_WashTm_value                        0x200003b0   Data           4  wifi.o(.data)
    wifi_kilowatt_hour_value                 0x200003b4   Data           4  wifi.o(.data)
    wifi_gu16RunSpd_set_value                0x200003b8   Data           4  wifi.o(.data)
    wifi_WaterGate_value                     0x200003bc   Data           4  wifi.o(.data)
    wifi_WaterGate_set_step_value            0x200003c0   Data           4  wifi.o(.data)
    wifi_error_fault_buf                     0x200003c4   Data           4  wifi.o(.data)
    wifi_gu16MotorWt_value_buf               0x200003c8   Data           4  wifi.o(.data)
    wifi_water_setrange_max_value_buf        0x200003cc   Data           4  wifi.o(.data)
    wifi_gu16RunSpd_real_value_buf           0x200003d0   Data           4  wifi.o(.data)
    wifi_WashTmSet_value_buf                 0x200003d4   Data           4  wifi.o(.data)
    wifi_WaterGate_set_value_buf             0x200003d8   Data           4  wifi.o(.data)
    wifi_water_setrange_min_value_buf        0x200003dc   Data           4  wifi.o(.data)
    wifi_WashTm_value_buf                    0x200003e0   Data           4  wifi.o(.data)
    wifi_gu16RunSpd_set_value_buf            0x200003e4   Data           4  wifi.o(.data)
    wifi_WaterGate_value_buf                 0x200003e8   Data           4  wifi.o(.data)
    wifi_WaterGate_set_step_value_buf        0x200003ec   Data           4  wifi.o(.data)
    u2oversec                                0x200003f0   Data           4  wifi.o(.data)
    WifiTestOk                               0x200003f4   Data           1  wifi.o(.data)
    reset_wifi_flag                          0x200003f9   Data           1  system.o(.data)
    set_wifimode_flag                        0x200003fa   Data           1  system.o(.data)
    wifi_work_state                          0x200003fb   Data           1  system.o(.data)
    rx_buf_in                                0x200003fc   Data           4  system.o(.data)
    rx_buf_out                               0x20000400   Data           4  system.o(.data)
    stop_update_flag                         0x20000404   Data           1  system.o(.data)
    SysTick_1ms                              0x20000408   Data           1  sysclock.o(.data)
    time_ms                                  0x2000040c   Data           4  sysclock.o(.data)
    SysProTime                               0x20000410   Data          20  mode.o(.bss)
    gu8DsipNum                               0x20000424   Data          17  lcd.o(.bss)
    ModeGate_m3h                             0x20000438   Data          12  modefunc.o(.bss)
    ModeGate_Imp                             0x20000444   Data          12  modefunc.o(.bss)
    ModeGate_Lmin                            0x20000450   Data          12  modefunc.o(.bss)
    ModeGate_US                              0x2000045c   Data          12  modefunc.o(.bss)
    SelfStudy_Gate                           0x20000468   Data          16  modefunc.o(.bss)
    u32PSensor_GetTab                        0x20000478   Data          80  adc.o(.bss)
    AD_use_table                             0x200004c8   Data          40  adc.o(.bss)
    u16Analog_GetTab                         0x200004f0   Data          16  adc.o(.bss)
    gu8E2Para                                0x20000500   Data         200  e2prom.o(.bss)
    gu8E2ParaBak                             0x200005c8   Data         200  e2prom.o(.bss)
    rcvBuffer                                0x20000690   Data          18  uart.o(.bss)
    gu8MonitorTxd                            0x200006a2   Data          20  uart.o(.bss)
    gu8MonitorRxd                            0x200006b6   Data          20  uart.o(.bss)
    suart1_buf                               0x200006ca   Data          32  suart.o(.bss)
    uart485_error                            0x200006ec   Data          12  uart485.o(.bss)
    uart485_recv_buf                         0x200006f8   Data          30  uart485.o(.bss)
    u2cytab                                  0x20000718   Data         150  wifi.o(.bss)
    u2_cy                                    0x200007b0   Data          12  wifi.o(.bss)
    wifi_data_process_buf                    0x200007bc   Data          37  system.o(.bss)
    wifi_uart_rx_buf                         0x200007e1   Data          27  system.o(.bss)
    wifi_uart_tx_buf                         0x200007fc   Data          67  system.o(.bss)
    __initial_sp                             0x20001840   Data           0  startup_stm32f030x8.o(STACK)



==============================================================================

Memory Map of the image

  Image Entry point : 0x080000c1

  Load Region LR_IROM1 (Base: 0x08000000, Size: 0x0000a1fc, Max: 0x00010000, ABSOLUTE, COMPRESSED[0x00009f3c])

    Execution Region ER_IROM1 (Exec base: 0x08000000, Load base: 0x08000000, Size: 0x00009dec, Max: 0x00010000, ABSOLUTE)

    Exec Addr    Load Addr    Size         Type   Attr      Idx    E Section Name        Object

    0x08000000   0x08000000   0x000000c0   Data   RO          169    RESET               startup_stm32f030x8.o
    0x080000c0   0x080000c0   0x00000000   Code   RO         4366  * .ARM.Collect$$$$00000000  mc_p.l(entry.o)
    0x080000c0   0x080000c0   0x00000004   Code   RO         4389    .ARM.Collect$$$$00000001  mc_p.l(entry2.o)
    0x080000c4   0x080000c4   0x00000004   Code   RO         4392    .ARM.Collect$$$$00000004  mc_p.l(entry5.o)
    0x080000c8   0x080000c8   0x00000000   Code   RO         4394    .ARM.Collect$$$$00000008  mc_p.l(entry7b.o)
    0x080000c8   0x080000c8   0x00000000   Code   RO         4396    .ARM.Collect$$$$0000000A  mc_p.l(entry8b.o)
    0x080000c8   0x080000c8   0x00000008   Code   RO         4397    .ARM.Collect$$$$0000000B  mc_p.l(entry9a.o)
    0x080000d0   0x080000d0   0x00000000   Code   RO         4399    .ARM.Collect$$$$0000000D  mc_p.l(entry10a.o)
    0x080000d0   0x080000d0   0x00000000   Code   RO         4401    .ARM.Collect$$$$0000000F  mc_p.l(entry11a.o)
    0x080000d0   0x080000d0   0x00000004   Code   RO         4390    .ARM.Collect$$$$00002712  mc_p.l(entry2.o)
    0x080000d4   0x080000d4   0x0000001c   Code   RO          170    .text               startup_stm32f030x8.o
    0x080000f0   0x080000f0   0x0000002c   Code   RO         4369    .text               mc_p.l(uidiv.o)
    0x0800011c   0x0800011c   0x00000028   Code   RO         4371    .text               mc_p.l(idiv.o)
    0x08000144   0x08000144   0x00000024   Code   RO         4373    .text               mc_p.l(memcpya.o)
    0x08000168   0x08000168   0x00000024   Code   RO         4375    .text               mc_p.l(memseta.o)
    0x0800018c   0x0800018c   0x0000001a   Code   RO         4377    .text               mc_p.l(memcmp.o)
    0x080001a6   0x080001a6   0x00000002   PAD
    0x080001a8   0x080001a8   0x00000024   Code   RO         4414    .text               mc_p.l(init.o)
    0x080001cc   0x080001cc   0x00000056   Code   RO         4426    .text               mc_p.l(__dczerorl2.o)
    0x08000222   0x08000222   0x0000000a   Code   RO          181    i.ADC_ChannelConfig  stm32f0xx_adc.o
    0x0800022c   0x0800022c   0x00000004   Code   RO          182    i.ADC_ClearFlag     stm32f0xx_adc.o
    0x08000230   0x08000230   0x00000018   Code   RO          184    i.ADC_Cmd           stm32f0xx_adc.o
    0x08000248   0x08000248   0x00000020   Code   RO          188    i.ADC_DeInit        stm32f0xx_adc.o
    0x08000268   0x08000268   0x0000002e   Code   RO          190    i.ADC_GetCalibrationFactor  stm32f0xx_adc.o
    0x08000296   0x08000296   0x00000006   Code   RO          191    i.ADC_GetConversionValue  stm32f0xx_adc.o
    0x0800029c   0x0800029c   0x0000001c   Code   RO          192    i.ADC_GetFlagStatus  stm32f0xx_adc.o
    0x080002b8   0x080002b8   0x0000002c   Code   RO          195    i.ADC_Init          stm32f0xx_adc.o
    0x080002e4   0x080002e4   0x0000000a   Code   RO          198    i.ADC_StartOfConversion  stm32f0xx_adc.o
    0x080002ee   0x080002ee   0x0000000a   Code   RO          199    i.ADC_StopOfConversion  stm32f0xx_adc.o
    0x080002f8   0x080002f8   0x00000010   Code   RO          200    i.ADC_StructInit    stm32f0xx_adc.o
    0x08000308   0x08000308   0x00000064   Code   RO         2245    i.AcVoltLmt         mode.o
    0x0800036c   0x0800036c   0x00000010   Code   RO         3149    i.BcdToBin_Sub      rtc.o
    0x0800037c   0x0800037c   0x0000001a   Code   RO         3150    i.BinToBcd_Sub      rtc.o
    0x08000396   0x08000396   0x00000002   PAD
    0x08000398   0x08000398   0x00000034   Code   RO         3360    i.CRC_SwCalCRC16    uart.o
    0x080003cc   0x080003cc   0x0000003c   Code   RO         3361    i.Com_rx_process    uart.o
    0x08000408   0x08000408   0x00000086   Code   RO         3614    i.DCR_Data_func     lcd_1621.o
    0x0800048e   0x0800048e   0x00000020   Code   RO         2808    i.DispToItemLo      lcdfunc.o
    0x080004ae   0x080004ae   0x00000002   PAD
    0x080004b0   0x080004b0   0x00000058   Code   RO         3615    i.DispTranBit_ForCam  lcd_1621.o
    0x08000508   0x08000508   0x00000060   Code   RO         3436    i.EXTI4_15_IRQHandler  suart.o
    0x08000568   0x08000568   0x00000014   Code   RO          471    i.EXTI_GetITStatus  stm32f0xx_exti.o
    0x0800057c   0x0800057c   0x00000070   Code   RO          472    i.EXTI_Init         stm32f0xx_exti.o
    0x080005ec   0x080005ec   0x0000008c   Code   RO         3055    i.FunAnalogCtrl     adc.o
    0x08000678   0x08000678   0x0000003c   Code   RO         3056    i.FunAnalog_CycleGet  adc.o
    0x080006b4   0x080006b4   0x000001b8   Code   RO         3057    i.FunAutoUpWater    adc.o
    0x0800086c   0x0800086c   0x00000374   Code   RO         3219    i.FunE2_SysInit     e2prom.o
    0x08000be0   0x08000be0   0x00000594   Code   RO         3220    i.FunE2_SysNol      e2prom.o
    0x08001174   0x08001174   0x00000034   Code   RO         3221    i.FunE2_SysPro      e2prom.o
    0x080011a8   0x080011a8   0x00000128   Code   RO         3222    i.FunE2_SysTest     e2prom.o
    0x080012d0   0x080012d0   0x00000070   Code   RO         2916    i.FunErrorRemeber   errorfunc.o
    0x08001340   0x08001340   0x000001f4   Code   RO         3010    i.FunForVersionToSet  ic74hc165.o
    0x08001534   0x08001534   0x00000010   Code   RO         2956    i.FunInOut          key.o
    0x08001544   0x08001544   0x00000024   Code   RO         2387    i.FunKeyLockLight   lcd.o
    0x08001568   0x08001568   0x0000002c   Code   RO         2388    i.FunLcdError       lcd.o
    0x08001594   0x08001594   0x00000078   Code   RO         2389    i.FunLcdModeGate    lcd.o
    0x0800160c   0x0800160c   0x000001ac   Code   RO         2390    i.FunLcdModeShutDown  lcd.o
    0x080017b8   0x080017b8   0x00000070   Code   RO         2391    i.FunLcdModeSpeed   lcd.o
    0x08001828   0x08001828   0x00000048   Code   RO         2392    i.FunLcdModeTime_Invalid  lcd.o
    0x08001870   0x08001870   0x000001c8   Code   RO         2393    i.FunLcdModeTime_Run  lcd.o
    0x08001a38   0x08001a38   0x00000220   Code   RO         2394    i.FunLcdModeTime_Set  lcd.o
    0x08001c58   0x08001c58   0x0000011c   Code   RO         2395    i.FunLcdModeTime_Stay  lcd.o
    0x08001d74   0x08001d74   0x00000054   Code   RO         2396    i.FunLcdModeWash    lcd.o
    0x08001dc8   0x08001dc8   0x00000084   Code   RO         2397    i.FunLcdOther       lcd.o
    0x08001e4c   0x08001e4c   0x0000005c   Code   RO         2398    i.FunLcdOutCtrl     lcd.o
    0x08001ea8   0x08001ea8   0x00000030   Code   RO         2399    i.FunLcdSysAging    lcd.o
    0x08001ed8   0x08001ed8   0x000000e0   Code   RO         2400    i.FunLcdSysTest_0   lcd.o
    0x08001fb8   0x08001fb8   0x00000240   Code   RO         2401    i.FunLcdSysTest_1   lcd.o
    0x080021f8   0x080021f8   0x00000014   Code   RO         2402    i.FunLcdSysUpPowerInit_0  lcd.o
    0x0800220c   0x0800220c   0x00000134   Code   RO         2403    i.FunLcdSysUpPowerInit_1  lcd.o
    0x08002340   0x08002340   0x0000013c   Code   RO         2404    i.FunLcdWarnGate    lcd.o
    0x0800247c   0x0800247c   0x0000012c   Code   RO         2405    i.FunLcdWarnSpeed   lcd.o
    0x080025a8   0x080025a8   0x00000020   Code   RO         2406    i.FunLcdbrightness  lcd.o
    0x080025c8   0x080025c8   0x00000070   Code   RO         2064    i.FunMcuInit        init.o
    0x08002638   0x08002638   0x00000074   Code   RO         2558    i.FunModeGateLimit  modefunc.o
    0x080026ac   0x080026ac   0x00000078   Code   RO         2559    i.FunModeGateUpDown  modefunc.o
    0x08002724   0x08002724   0x00000040   Code   RO         2560    i.FunModeGate_StudyMax  modefunc.o
    0x08002764   0x08002764   0x00000060   Code   RO         2561    i.FunModeGate_UnitSwitch  modefunc.o
    0x080027c4   0x080027c4   0x00000092   Code   RO         2562    i.FunModeGate_m3hToOhter  modefunc.o
    0x08002856   0x08002856   0x00000002   PAD
    0x08002858   0x08002858   0x00000050   Code   RO         2563    i.FunModeOutCtrl_485  modefunc.o
    0x080028a8   0x080028a8   0x000000f8   Code   RO         2564    i.FunModeOutCtrl_Analog  modefunc.o
    0x080029a0   0x080029a0   0x000000b4   Code   RO         2565    i.FunModeOutCtrl_Din  modefunc.o
    0x08002a54   0x08002a54   0x00000030   Code   RO         2566    i.FunModeRemeber    modefunc.o
    0x08002a84   0x08002a84   0x00000150   Code   RO         2567    i.FunModeShutDown   modefunc.o
    0x08002bd4   0x08002bd4   0x00000234   Code   RO         2246    i.FunModeTimeSet    mode.o
    0x08002e08   0x08002e08   0x000000b8   Code   RO         2568    i.FunModeTime_UnitSwitch  modefunc.o
    0x08002ec0   0x08002ec0   0x00000028   Code   RO         2569    i.FunModeToNormalWash  modefunc.o
    0x08002ee8   0x08002ee8   0x0000002c   Code   RO         2570    i.FunModeToSelfStudy  modefunc.o
    0x08002f14   0x08002f14   0x00000030   Code   RO         2571    i.FunModeToSuperWash  modefunc.o
    0x08002f44   0x08002f44   0x0000003c   Code   RO         2572    i.FunModeToUpWash   modefunc.o
    0x08002f80   0x08002f80   0x0000001c   Code   RO         2573    i.FunMode_GateToSpeed  modefunc.o
    0x08002f9c   0x08002f9c   0x00000024   Code   RO         2574    i.FunMode_SpeedToGate  modefunc.o
    0x08002fc0   0x08002fc0   0x0000004c   Code   RO         2575    i.FunMode_SpeedToPercent  modefunc.o
    0x0800300c   0x0800300c   0x00000060   Code   RO         2576    i.FunMode_UnitRound  modefunc.o
    0x0800306c   0x0800306c   0x0000036c   Code   RO         3362    i.FunMonitorCom     uart.o
    0x080033d8   0x080033d8   0x0000024c   Code   RO         3363    i.FunMotorCom       uart.o
    0x08003624   0x08003624   0x000000f4   Code   RO         2577    i.FunNormalWash_Set  modefunc.o
    0x08003718   0x08003718   0x00000038   Code   RO         3058    i.FunPSensor_CycleGet  adc.o
    0x08003750   0x08003750   0x000000ec   Code   RO         3059    i.FunPSensor_GetAD  adc.o
    0x0800383c   0x0800383c   0x00000084   Code   RO         3061    i.FunPSensor_GetPress  adc.o
    0x080038c0   0x080038c0   0x0000010c   Code   RO         3062    i.FunPSensor_IsError  adc.o
    0x080039cc   0x080039cc   0x00000010   Code   RO         3063    i.FunPSonser        adc.o
    0x080039dc   0x080039dc   0x0000002c   Code   RO         2578    i.FunReEnterSelfStudy  modefunc.o
    0x08003a08   0x08003a08   0x000000f8   Code   RO         3151    i.FunRtc_SysInit    rtc.o
    0x08003b00   0x08003b00   0x00000114   Code   RO         3152    i.FunRtc_SysNol     rtc.o
    0x08003c14   0x08003c14   0x00000034   Code   RO         3153    i.FunRtc_SysPro     rtc.o
    0x08003c48   0x08003c48   0x000000b0   Code   RO         3154    i.FunRtc_SysTest    rtc.o
    0x08003cf8   0x08003cf8   0x000001ec   Code   RO         2579    i.FunSelfStudy_Set  modefunc.o
    0x08003ee4   0x08003ee4   0x000000c4   Code   RO         2580    i.FunSuperWash_Set  modefunc.o
    0x08003fa8   0x08003fa8   0x000000bc   Code   RO         2247    i.FunSysProInit     mode.o
    0x08004064   0x08004064   0x00000074   Code   RO         2248    i.FunSysProRun      mode.o
    0x080040d8   0x080040d8   0x00000080   Code   RO         1840    i.FunSysPropetyTime  main.o
    0x08004158   0x08004158   0x00000378   Code   RO         1841    i.FunTimeCtrl       main.o
    0x080044d0   0x080044d0   0x000000b4   Code   RO         2582    i.FunUpWash_Set     modefunc.o
    0x08004584   0x08004584   0x00000028   Code   RO         2407    i.FunWriteRam_1729  lcd.o
    0x080045ac   0x080045ac   0x00000072   Code   RO          529    i.GPIO_Init         stm32f0xx_gpio.o
    0x0800461e   0x0800461e   0x00000022   Code   RO          530    i.GPIO_PinAFConfig  stm32f0xx_gpio.o
    0x08004640   0x08004640   0x0000000e   Code   RO          533    i.GPIO_ReadInputDataBit  stm32f0xx_gpio.o
    0x0800464e   0x0800464e   0x00000004   Code   RO          536    i.GPIO_ResetBits    stm32f0xx_gpio.o
    0x08004652   0x08004652   0x00000004   Code   RO          537    i.GPIO_SetBits      stm32f0xx_gpio.o
    0x08004656   0x08004656   0x00000002   PAD
    0x08004658   0x08004658   0x00000018   Code   RO          538    i.GPIO_StructInit   stm32f0xx_gpio.o
    0x08004670   0x08004670   0x0000000c   Code   RO          540    i.GPIO_WriteBit     stm32f0xx_gpio.o
    0x0800467c   0x0800467c   0x00000048   Code   RO         3064    i.Get_average       adc.o
    0x080046c4   0x080046c4   0x00000002   Code   RO            3    i.HardFault_Handler  stm32f0xx_it.o
    0x080046c6   0x080046c6   0x00000002   PAD
    0x080046c8   0x080046c8   0x00000030   Code   RO         3685    i.IC74HC595_En      ic74hc595.o
    0x080046f8   0x080046f8   0x0000007c   Code   RO         3686    i.IC74HC595_Write   ic74hc595.o
    0x08004774   0x08004774   0x00000028   Code   RO         2189    i.IWDG_Config       wdog.o
    0x0800479c   0x0800479c   0x00000010   Code   RO         2190    i.IWDG_Enable       wdog.o
    0x080047ac   0x080047ac   0x00000010   Code   RO         2191    i.IWDG_ReloadCounter  wdog.o
    0x080047bc   0x080047bc   0x0000000c   Code   RO         2192    i.IWDG_SetPrescaler  wdog.o
    0x080047c8   0x080047c8   0x0000000c   Code   RO         2193    i.IWDG_SetReload    wdog.o
    0x080047d4   0x080047d4   0x0000000c   Code   RO         2194    i.IWDG_WriteAccessCmd  wdog.o
    0x080047e0   0x080047e0   0x0000006c   Code   RO         3364    i.IrqMonitorCom     uart.o
    0x0800484c   0x0800484c   0x00000044   Code   RO         3365    i.IrqMotorCom       uart.o
    0x08004890   0x08004890   0x00000024   Code   RO         3616    i.LCD1621_GpioInit  lcd_1621.o
    0x080048b4   0x080048b4   0x00000058   Code   RO         3617    i.LCD1621_SelfSetInit  lcd_1621.o
    0x0800490c   0x0800490c   0x000000b8   Code   RO         3065    i.McuAdcInit        adc.o
    0x080049c4   0x080049c4   0x00000170   Code   RO         2065    i.McuGPIOInit       init.o
    0x08004b34   0x08004b34   0x00000010   Code   RO         3618    i.McuLCDInit        lcd_1621.o
    0x08004b44   0x08004b44   0x000000dc   Code   RO         2066    i.McuPPGInit        init.o
    0x08004c20   0x08004c20   0x0000014c   Code   RO         2067    i.McuRamInit        init.o
    0x08004d6c   0x08004d6c   0x00000002   Code   RO         2068    i.McuTimeInit       init.o
    0x08004d6e   0x08004d6e   0x0000000c   Code   RO         2069    i.McuUartInit       init.o
    0x08004d7a   0x08004d7a   0x0000001e   Code   RO         3366    i.MotorComCheckSum  uart.o
    0x08004d98   0x08004d98   0x00000002   Code   RO            4    i.NMI_Handler       stm32f0xx_it.o
    0x08004d9a   0x08004d9a   0x00000002   PAD
    0x08004d9c   0x08004d9c   0x00000058   Code   RO          620    i.NVIC_Init         stm32f0xx_misc.o
    0x08004df4   0x08004df4   0x00000002   Code   RO            5    i.PendSV_Handler    stm32f0xx_it.o
    0x08004df6   0x08004df6   0x00000002   PAD
    0x08004df8   0x08004df8   0x0000002c   Code   RO          652    i.RCC_ADCCLKConfig  stm32f0xx_rcc.o
    0x08004e24   0x08004e24   0x0000001c   Code   RO          653    i.RCC_AHBPeriphClockCmd  stm32f0xx_rcc.o
    0x08004e40   0x08004e40   0x0000001c   Code   RO          655    i.RCC_APB1PeriphClockCmd  stm32f0xx_rcc.o
    0x08004e5c   0x08004e5c   0x0000001c   Code   RO          657    i.RCC_APB2PeriphClockCmd  stm32f0xx_rcc.o
    0x08004e78   0x08004e78   0x0000001c   Code   RO          658    i.RCC_APB2PeriphResetCmd  stm32f0xx_rcc.o
    0x08004e94   0x08004e94   0x00000104   Code   RO          667    i.RCC_GetClocksFreq  stm32f0xx_rcc.o
    0x08004f98   0x08004f98   0x00000018   Code   RO         3223    i.Read24c02_Sub     e2prom.o
    0x08004fb0   0x08004fb0   0x00000002   Code   RO            6    i.SVC_Handler       stm32f0xx_it.o
    0x08004fb2   0x08004fb2   0x00000002   PAD
    0x08004fb4   0x08004fb4   0x00000028   Code   RO          906    i.SYSCFG_EXTILineConfig  stm32f0xx_syscfg.o
    0x08004fdc   0x08004fdc   0x000001b4   Code   RO         3619    i.SendDataToHt1621_Sub  lcd_1621.o
    0x08005190   0x08005190   0x000000a4   Code   RO          132    i.SetSysClock       system_stm32f0xx.o
    0x08005234   0x08005234   0x0000003c   Code   RO         3278    i.Siic_Ack          siic.o
    0x08005270   0x08005270   0x00000052   Code   RO         3280    i.Siic_Read         siic.o
    0x080052c2   0x080052c2   0x000000ac   Code   RO         3281    i.Siic_Recv         siic.o
    0x0800536e   0x0800536e   0x00000086   Code   RO         3282    i.Siic_Send         siic.o
    0x080053f4   0x080053f4   0x0000003a   Code   RO         3283    i.Siic_Start        siic.o
    0x0800542e   0x0800542e   0x00000036   Code   RO         3284    i.Siic_Stop         siic.o
    0x08005464   0x08005464   0x0000005c   Code   RO         3285    i.Siic_Wait_Ack     siic.o
    0x080054c0   0x080054c0   0x00000044   Code   RO         3286    i.Siic_Write        siic.o
    0x08005504   0x08005504   0x00000130   Code   RO         2249    i.SpmTempProtect    mode.o
    0x08005634   0x08005634   0x00000030   Code   RO         4181    i.SysTick_Handler   sysclock.o
    0x08005664   0x08005664   0x00000044   Code   RO         4182    i.Sysclock_init     sysclock.o
    0x080056a8   0x080056a8   0x00000060   Code   RO          134    i.SystemInit        system_stm32f0xx.o
    0x08005708   0x08005708   0x0000003c   Code   RO         3533    i.TIM2_IRQHandler   uart485.o
    0x08005744   0x08005744   0x00000074   Code   RO         3620    i.TIM3_ConfigInit   lcd_1621.o
    0x080057b8   0x080057b8   0x00000088   Code   RO         3621    i.TIM3_IRQHandler   lcd_1621.o
    0x08005840   0x08005840   0x00000064   Code   RO         3622    i.TIM3_SetPWM       lcd_1621.o
    0x080058a4   0x080058a4   0x00000038   Code   RO         3437    i.TIM6_DAC_IRQHandler  suart.o
    0x080058dc   0x080058dc   0x00000006   Code   RO          975    i.TIM_ClearITPendingBit  stm32f0xx_tim.o
    0x080058e2   0x080058e2   0x00000018   Code   RO          980    i.TIM_Cmd           stm32f0xx_tim.o
    0x080058fa   0x080058fa   0x0000001c   Code   RO          982    i.TIM_CtrlPWMOutputs  stm32f0xx_tim.o
    0x08005916   0x08005916   0x00000018   Code   RO         1001    i.TIM_GetITStatus   stm32f0xx_tim.o
    0x0800592e   0x0800592e   0x00000014   Code   RO         1005    i.TIM_ITConfig      stm32f0xx_tim.o
    0x08005942   0x08005942   0x00000002   PAD
    0x08005944   0x08005944   0x00000088   Code   RO         1009    i.TIM_OC1Init       stm32f0xx_tim.o
    0x080059cc   0x080059cc   0x0000000c   Code   RO         1012    i.TIM_OC1PreloadConfig  stm32f0xx_tim.o
    0x080059d8   0x080059d8   0x0000009c   Code   RO         1014    i.TIM_OC2Init       stm32f0xx_tim.o
    0x08005a74   0x08005a74   0x00000014   Code   RO         1017    i.TIM_OC2PreloadConfig  stm32f0xx_tim.o
    0x08005a88   0x08005a88   0x00000014   Code   RO         1027    i.TIM_OCStructInit  stm32f0xx_tim.o
    0x08005a9c   0x08005a9c   0x00000004   Code   RO         1043    i.TIM_SetCompare1   stm32f0xx_tim.o
    0x08005aa0   0x08005aa0   0x00000004   Code   RO         1044    i.TIM_SetCompare2   stm32f0xx_tim.o
    0x08005aa4   0x08005aa4   0x00000078   Code   RO         1053    i.TIM_TimeBaseInit  stm32f0xx_tim.o
    0x08005b1c   0x08005b1c   0x00000012   Code   RO         1054    i.TIM_TimeBaseStructInit  stm32f0xx_tim.o
    0x08005b2e   0x08005b2e   0x00000002   PAD
    0x08005b30   0x08005b30   0x00000034   Code   RO         3719    i.USART2_IRQHandler  wifi.o
    0x08005b64   0x08005b64   0x00000040   Code   RO         3367    i.USART485_Handler  uart.o
    0x08005ba4   0x08005ba4   0x00000004   Code   RO         1535    i.USART_ClearFlag   stm32f0xx_usart.o
    0x08005ba8   0x08005ba8   0x00000018   Code   RO         1539    i.USART_Cmd         stm32f0xx_usart.o
    0x08005bc0   0x08005bc0   0x0000000e   Code   RO         1547    i.USART_GetFlagStatus  stm32f0xx_usart.o
    0x08005bce   0x08005bce   0x0000003e   Code   RO         1548    i.USART_GetITStatus  stm32f0xx_usart.o
    0x08005c0c   0x08005c0c   0x00000032   Code   RO         1550    i.USART_ITConfig    stm32f0xx_usart.o
    0x08005c3e   0x08005c3e   0x00000002   PAD
    0x08005c40   0x08005c40   0x00000094   Code   RO         1551    i.USART_Init        stm32f0xx_usart.o
    0x08005cd4   0x08005cd4   0x00000008   Code   RO         1563    i.USART_ReceiveData  stm32f0xx_usart.o
    0x08005cdc   0x08005cdc   0x00000008   Code   RO         1568    i.USART_SendData    stm32f0xx_usart.o
    0x08005ce4   0x08005ce4   0x00000028   Code   RO         3534    i.Uart485_correction  uart485.o
    0x08005d0c   0x08005d0c   0x00000018   Code   RO         3535    i.Uart485_handler   uart485.o
    0x08005d24   0x08005d24   0x000000d0   Code   RO         3536    i.Uart485_init      uart485.o
    0x08005df4   0x08005df4   0x00000028   Code   RO         3537    i.Uart485_recv      uart485.o
    0x08005e1c   0x08005e1c   0x00000030   Code   RO         3538    i.Uart485_send      uart485.o
    0x08005e4c   0x08005e4c   0x00000014   Code   RO         3539    i.Uart485_sendok    uart485.o
    0x08005e60   0x08005e60   0x0000005c   Code   RO         3720    i.WIFI_U2_SendData  wifi.o
    0x08005ebc   0x08005ebc   0x0000001c   Code   RO         3721    i.WIFI_U2_cycleInit  wifi.o
    0x08005ed8   0x08005ed8   0x00000080   Code   RO         3722    i.WIFI_U2_saveData  wifi.o
    0x08005f58   0x08005f58   0x00000008   Code   RO         2195    i.WWDG_Config       wdog.o
    0x08005f60   0x08005f60   0x00000018   Code   RO         3224    i.Write24c02_Sub    e2prom.o
    0x08005f78   0x08005f78   0x0000000e   Code   RO         4420    i.__scatterload_copy  mc_p.l(handlers.o)
    0x08005f86   0x08005f86   0x00000002   Code   RO         4421    i.__scatterload_null  mc_p.l(handlers.o)
    0x08005f88   0x08005f88   0x0000000e   Code   RO         4422    i.__scatterload_zeroinit  mc_p.l(handlers.o)
    0x08005f96   0x08005f96   0x00000002   PAD
    0x08005f98   0x08005f98   0x0000000c   Code   RO         4003    i.all_data_update   protocol.o
    0x08005fa4   0x08005fa4   0x00000016   Code   RO         3804    i.byte_to_int       mcu_api.o
    0x08005fba   0x08005fba   0x00000002   PAD
    0x08005fbc   0x08005fbc   0x000000a8   Code   RO         4087    i.data_handle       system.o
    0x08006064   0x08006064   0x00000038   Code   RO         4088    i.data_point_handle  system.o
    0x0800609c   0x0800609c   0x00000012   Code   RO         4252    i.delay_us          sysdelay.o
    0x080060ae   0x080060ae   0x00000002   PAD
    0x080060b0   0x080060b0   0x0000009c   Code   RO         4004    i.dp_download_backwash_time_set_handle  protocol.o
    0x0800614c   0x0800614c   0x000000c0   Code   RO         4005    i.dp_download_flow_rate_set_handle  protocol.o
    0x0800620c   0x0800620c   0x0000005c   Code   RO         4006    i.dp_download_handle  protocol.o
    0x08006268   0x08006268   0x00000140   Code   RO         4007    i.dp_download_mode_handle  protocol.o
    0x080063a8   0x080063a8   0x00000078   Code   RO         4008    i.dp_download_speed_set_handle  protocol.o
    0x08006420   0x08006420   0x00000084   Code   RO         4009    i.dp_download_swtich_handle  protocol.o
    0x080064a4   0x080064a4   0x00000058   Code   RO         4010    i.dp_download_uint_switch_handle  protocol.o
    0x080064fc   0x080064fc   0x00000020   Code   RO         4089    i.get_check_sum     system.o
    0x0800651c   0x0800651c   0x00000028   Code   RO         4090    i.get_dowmload_dpid_index  system.o
    0x08006544   0x08006544   0x00000004   Code   RO         4011    i.get_download_cmd_total  protocol.o
    0x08006548   0x08006548   0x0000000e   Code   RO         4091    i.get_mcu_wifi_mode  system.o
    0x08006556   0x08006556   0x00000002   PAD
    0x08006558   0x08006558   0x00000030   Code   RO         4092    i.heat_beat_check   system.o
    0x08006588   0x08006588   0x000000d4   Code   RO         1842    i.main              main.o
    0x0800665c   0x0800665c   0x00000050   Code   RO         3807    i.mcu_dp_bool_update  mcu_api.o
    0x080066ac   0x080066ac   0x00000044   Code   RO         3808    i.mcu_dp_enum_update  mcu_api.o
    0x080066f0   0x080066f0   0x00000088   Code   RO         3809    i.mcu_dp_fault_update  mcu_api.o
    0x08006778   0x08006778   0x0000005c   Code   RO         3812    i.mcu_dp_value_update  mcu_api.o
    0x080067d4   0x080067d4   0x00000004   Code   RO         3813    i.mcu_get_dp_download_bool  mcu_api.o
    0x080067d8   0x080067d8   0x00000004   Code   RO         3814    i.mcu_get_dp_download_enum  mcu_api.o
    0x080067dc   0x080067dc   0x00000008   Code   RO         3815    i.mcu_get_dp_download_value  mcu_api.o
    0x080067e4   0x080067e4   0x0000000c   Code   RO         3817    i.mcu_get_wifi_work_state  mcu_api.o
    0x080067f0   0x080067f0   0x00000020   Code   RO         3820    i.mcu_set_wifi_mode  mcu_api.o
    0x08006810   0x08006810   0x0000000e   Code   RO         3821    i.mcu_start_wifitest  mcu_api.o
    0x0800681e   0x0800681e   0x0000004c   Code   RO         3822    i.my_memcpy         mcu_api.o
    0x0800686a   0x0800686a   0x00000020   Code   RO         3826    i.my_strlen         mcu_api.o
    0x0800688a   0x0800688a   0x00000002   PAD
    0x0800688c   0x0800688c   0x00000154   Code   RO         3724    i.pro_all_updata    wifi.o
    0x080069e0   0x080069e0   0x000000a0   Code   RO         3725    i.pro_wifi_handle   wifi.o
    0x08006a80   0x08006a80   0x000006b4   Code   RO         3726    i.pro_wifi_updata   wifi.o
    0x08007134   0x08007134   0x000000a0   Code   RO         2070    i.pro_wifiuart_init  init.o
    0x080071d4   0x080071d4   0x000000c8   Code   RO         4093    i.product_info_update  system.o
    0x0800729c   0x0800729c   0x0000001c   Code   RO         4094    i.set_wifi_uart_buffer  system.o
    0x080072b8   0x080072b8   0x00000010   Code   RO         4095    i.set_wifi_uart_byte  system.o
    0x080072c8   0x080072c8   0x00000048   Code   RO         2250    i.suKeyUp_DownSetTime  mode.o
    0x08007310   0x08007310   0x0000000c   Code   RO         3438    i.suart1_SetRxProcess  suart.o
    0x0800731c   0x0800731c   0x00000010   Code   RO         3439    i.suart1_TxState    suart.o
    0x0800732c   0x0800732c   0x000000c0   Code   RO         3440    i.suart1_init       suart.o
    0x080073ec   0x080073ec   0x00000028   Code   RO         3441    i.suart1_listen     suart.o
    0x08007414   0x08007414   0x000000cc   Code   RO         3444    i.suart1_rx         suart.o
    0x080074e0   0x080074e0   0x00000058   Code   RO         3445    i.suart1_rx_onoff   suart.o
    0x08007538   0x08007538   0x0000004c   Code   RO         3446    i.suart1_send       suart.o
    0x08007584   0x08007584   0x000000c8   Code   RO         3447    i.suart1_tx         suart.o
    0x0800764c   0x0800764c   0x00000178   Code   RO         2583    i.sub1stRam         modefunc.o
    0x080077c4   0x080077c4   0x0000001c   Code   RO         2957    i.subBuzCtrl        key.o
    0x080077e0   0x080077e0   0x00000024   Code   RO         2958    i.subBuzz           key.o
    0x08007804   0x08007804   0x00000014   Code   RO         2251    i.subClrKeyBit      mode.o
    0x08007818   0x08007818   0x000000f4   Code   RO         2959    i.subDinScan        key.o
    0x0800790c   0x0800790c   0x00000050   Code   RO         2809    i.subDispEndHour    lcdfunc.o
    0x0800795c   0x0800795c   0x00000050   Code   RO         2810    i.subDispEndMin     lcdfunc.o
    0x080079ac   0x080079ac   0x00000050   Code   RO         2811    i.subDispNowHour    lcdfunc.o
    0x080079fc   0x080079fc   0x00000050   Code   RO         2812    i.subDispNowMin     lcdfunc.o
    0x08007a4c   0x08007a4c   0x00000080   Code   RO         2813    i.subDispRpm        lcdfunc.o
    0x08007acc   0x08007acc   0x00000050   Code   RO         2815    i.subDispStartHour  lcdfunc.o
    0x08007b1c   0x08007b1c   0x00000050   Code   RO         2816    i.subDispStartMin   lcdfunc.o
    0x08007b6c   0x08007b6c   0x00000228   Code   RO         2408    i.subDispTrip       lcd.o
    0x08007d94   0x08007d94   0x00000038   Code   RO         2409    i.subDispTripFlash  lcd.o
    0x08007dcc   0x08007dcc   0x00000068   Code   RO         2817    i.subDispUnit       lcdfunc.o
    0x08007e34   0x08007e34   0x00000080   Code   RO         2818    i.subDispWt         lcdfunc.o
    0x08007eb4   0x08007eb4   0x00000050   Code   RO         2252    i.subEndTm          mode.o
    0x08007f04   0x08007f04   0x00000548   Code   RO         2960    i.subKeyScan        key.o
    0x0800844c   0x0800844c   0x000001f4   Code   RO         2253    i.subKeyUpDownSetTime  mode.o
    0x08008640   0x08008640   0x00000016   Code   RO         2254    i.subMinTime        mode.o
    0x08008656   0x08008656   0x00000002   PAD
    0x08008658   0x08008658   0x00000014   Code   RO         2584    i.subModeSDClearTime  modefunc.o
    0x0800866c   0x0800866c   0x0000002c   Code   RO         2585    i.subModeUpDown     modefunc.o
    0x08008698   0x08008698   0x000003c4   Code   RO         2917    i.subMotorTrip      errorfunc.o
    0x08008a5c   0x08008a5c   0x00000018   Code   RO         3155    i.subRead8563       rtc.o
    0x08008a74   0x08008a74   0x00000584   Code   RO         2255    i.subSetMode        mode.o
    0x08008ff8   0x08008ff8   0x000000f0   Code   RO         2586    i.subSetRomUpDown   modefunc.o
    0x080090e8   0x080090e8   0x000001a4   Code   RO         2256    i.subSetTimeCtrl    mode.o
    0x0800928c   0x0800928c   0x00000048   Code   RO         2257    i.subSetTimeQuery   mode.o
    0x080092d4   0x080092d4   0x00000090   Code   RO         2258    i.subSpdToMotor     mode.o
    0x08009364   0x08009364   0x00000050   Code   RO         2259    i.subStartTm        mode.o
    0x080093b4   0x080093b4   0x00000140   Code   RO         2260    i.subTestMode       mode.o
    0x080094f4   0x080094f4   0x00000018   Code   RO         3156    i.subWrite8563      rtc.o
    0x0800950c   0x0800950c   0x0000006c   Code   RO         3012    i.switch_read       ic74hc165.o
    0x08009578   0x08009578   0x00000094   Code   RO         1843    i.sys_Countdown     main.o
    0x0800960c   0x0800960c   0x0000002c   Code   RO         4096    i.take_byte_rxbuff  system.o
    0x08009638   0x08009638   0x000000c0   Code   RO         3540    i.uart485_rx        uart485.o
    0x080096f8   0x080096f8   0x00000050   Code   RO         3541    i.uart485_rx_onoff  uart485.o
    0x08009748   0x08009748   0x00000098   Code   RO         3542    i.uart485_tx        uart485.o
    0x080097e0   0x080097e0   0x00000040   Code   RO         3828    i.uart_receive_input  mcu_api.o
    0x08009820   0x08009820   0x0000002c   Code   RO         3829    i.wifi_protocol_init  mcu_api.o
    0x0800984c   0x0800984c   0x00000020   Code   RO         4013    i.wifi_test_result  protocol.o
    0x0800986c   0x0800986c   0x000000c0   Code   RO         3830    i.wifi_uart_service  mcu_api.o
    0x0800992c   0x0800992c   0x00000038   Code   RO         4097    i.wifi_uart_write_frame  system.o
    0x08009964   0x08009964   0x00000018   Code   RO         4098    i.with_data_rxbuff  system.o
    0x0800997c   0x0800997c   0x00000003   Data   RO         2262    .constdata          mode.o
    0x0800997f   0x0800997f   0x0000001a   Data   RO         2819    .constdata          lcdfunc.o
    0x08009999   0x08009999   0x00000003   PAD
    0x0800999c   0x0800999c   0x00000210   Data   RO         3013    .constdata          ic74hc165.o
    0x08009bac   0x08009bac   0x00000200   Data   RO         3370    .constdata          uart.o
    0x08009dac   0x08009dac   0x00000020   Data   RO         4014    .constdata          protocol.o
    0x08009dcc   0x08009dcc   0x00000020   Data   RO         4418    Region$$Table       anon$$obj.o


    Execution Region RW_IRAM1 (Exec base: 0x20000000, Load base: 0x08009dec, Size: 0x00001840, Max: 0x00002000, ABSOLUTE, COMPRESSED[0x00000150])

    Exec Addr    Load Addr    Size         Type   Attr      Idx    E Section Name        Object

    0x20000000   COMPRESSED   0x00000014   Data   RW          135    .data               system_stm32f0xx.o
    0x20000014   COMPRESSED   0x00000010   Data   RW          691    .data               stm32f0xx_rcc.o
    0x20000024   COMPRESSED   0x00000014   Data   RW         1844    .data               main.o
    0x20000038   COMPRESSED   0x00000090   Data   RW         2264    .data               mode.o
    0x200000c8   COMPRESSED   0x00000001   Data   RW         2265    .data               mode.o
    0x200000c9   COMPRESSED   0x00000003   PAD
    0x200000cc   COMPRESSED   0x00000004   Data   RW         2266    .data               mode.o
    0x200000d0   COMPRESSED   0x00000004   Data   RW         2267    .data               mode.o
    0x200000d4   COMPRESSED   0x00000004   Data   RW         2268    .data               mode.o
    0x200000d8   COMPRESSED   0x00000004   Data   RW         2269    .data               mode.o
    0x200000dc   COMPRESSED   0x00000001   Data   RW         2271    .data               mode.o
    0x200000dd   COMPRESSED   0x00000001   Data   RW         2272    .data               mode.o
    0x200000de   COMPRESSED   0x00000001   Data   RW         2273    .data               mode.o
    0x200000df   COMPRESSED   0x00000001   Data   RW         2274    .data               mode.o
    0x200000e0   COMPRESSED   0x00000001   Data   RW         2275    .data               mode.o
    0x200000e1   COMPRESSED   0x00000001   Data   RW         2276    .data               mode.o
    0x200000e2   COMPRESSED   0x00000001   Data   RW         2277    .data               mode.o
    0x200000e3   COMPRESSED   0x00000001   Data   RW         2278    .data               mode.o
    0x200000e4   COMPRESSED   0x00000002   Data   RW         2279    .data               mode.o
    0x200000e6   COMPRESSED   0x00000002   PAD
    0x200000e8   COMPRESSED   0x00000088   Data   RW         2411    .data               lcd.o
    0x20000170   COMPRESSED   0x00000004   Data   RW         2412    .data               lcd.o
    0x20000174   COMPRESSED   0x00000004   Data   RW         2413    .data               lcd.o
    0x20000178   COMPRESSED   0x00000004   Data   RW         2414    .data               lcd.o
    0x2000017c   COMPRESSED   0x00000001   Data   RW         2415    .data               lcd.o
    0x2000017d   COMPRESSED   0x00000003   PAD
    0x20000180   COMPRESSED   0x00000024   Data   RW         2588    .data               modefunc.o
    0x200001a4   COMPRESSED   0x00000001   Data   RW         2589    .data               modefunc.o
    0x200001a5   COMPRESSED   0x00000001   Data   RW         2590    .data               modefunc.o
    0x200001a6   COMPRESSED   0x00000002   PAD
    0x200001a8   COMPRESSED   0x00000030   Data   RW         2918    .data               errorfunc.o
    0x200001d8   COMPRESSED   0x00000002   Data   RW         2961    .data               key.o
    0x200001da   COMPRESSED   0x00000010   Data   RW         2962    .data               key.o
    0x200001ea   COMPRESSED   0x00000001   Data   RW         2963    .data               key.o
    0x200001eb   COMPRESSED   0x00000001   Data   RW         2964    .data               key.o
    0x200001ec   COMPRESSED   0x00000006   Data   RW         3014    .data               ic74hc165.o
    0x200001f2   COMPRESSED   0x00000001   Data   RW         3015    .data               ic74hc165.o
    0x200001f3   COMPRESSED   0x00000001   PAD
    0x200001f4   COMPRESSED   0x0000005c   Data   RW         3067    .data               adc.o
    0x20000250   COMPRESSED   0x00000004   Data   RW         3068    .data               adc.o
    0x20000254   COMPRESSED   0x00000001   Data   RW         3069    .data               adc.o
    0x20000255   COMPRESSED   0x00000001   Data   RW         3070    .data               adc.o
    0x20000256   COMPRESSED   0x00000024   Data   RW         3071    .data               adc.o
    0x2000027a   COMPRESSED   0x00000048   Data   RW         3072    .data               adc.o
    0x200002c2   COMPRESSED   0x00000002   PAD
    0x200002c4   COMPRESSED   0x00000024   Data   RW         3157    .data               rtc.o
    0x200002e8   COMPRESSED   0x00000024   Data   RW         3226    .data               e2prom.o
    0x2000030c   COMPRESSED   0x00000004   Data   RW         3227    .data               e2prom.o
    0x20000310   COMPRESSED   0x00000001   Data   RW         3287    .data               siic.o
    0x20000311   COMPRESSED   0x00000003   PAD
    0x20000314   COMPRESSED   0x00000043   Data   RW         3371    .data               uart.o
    0x20000357   COMPRESSED   0x00000001   PAD
    0x20000358   COMPRESSED   0x0000000c   Data   RW         3449    .data               suart.o
    0x20000364   COMPRESSED   0x00000009   Data   RW         3544    .data               uart485.o
    0x2000036d   COMPRESSED   0x00000001   PAD
    0x2000036e   COMPRESSED   0x00000004   Data   RW         3623    .data               lcd_1621.o
    0x20000372   COMPRESSED   0x00000001   Data   RW         3688    .data               ic74hc595.o
    0x20000373   COMPRESSED   0x00000001   PAD
    0x20000374   COMPRESSED   0x00000080   Data   RW         3729    .data               wifi.o
    0x200003f4   COMPRESSED   0x00000001   Data   RW         3730    .data               wifi.o
    0x200003f5   COMPRESSED   0x00000001   PAD
    0x200003f6   COMPRESSED   0x00000002   Data   RW         3831    .data               mcu_api.o
    0x200003f8   COMPRESSED   0x0000000c   Data   RW         4100    .data               system.o
    0x20000404   COMPRESSED   0x00000001   Data   RW         4101    .data               system.o
    0x20000405   COMPRESSED   0x00000003   PAD
    0x20000408   COMPRESSED   0x00000008   Data   RW         4183    .data               sysclock.o
    0x20000410        -       0x00000014   Zero   RW         2261    .bss                mode.o
    0x20000424        -       0x00000011   Zero   RW         2410    .bss                lcd.o
    0x20000435   COMPRESSED   0x00000003   PAD
    0x20000438        -       0x00000040   Zero   RW         2587    .bss                modefunc.o
    0x20000478        -       0x00000088   Zero   RW         3066    .bss                adc.o
    0x20000500        -       0x00000190   Zero   RW         3225    .bss                e2prom.o
    0x20000690        -       0x0000003a   Zero   RW         3368    .bss                uart.o
    0x200006ca        -       0x00000020   Zero   RW         3448    .bss                suart.o
    0x200006ea   COMPRESSED   0x00000002   PAD
    0x200006ec        -       0x0000002a   Zero   RW         3543    .bss                uart485.o
    0x20000716   COMPRESSED   0x00000002   PAD
    0x20000718        -       0x000000a4   Zero   RW         3728    .bss                wifi.o
    0x200007bc        -       0x00000083   Zero   RW         4099    .bss                system.o
    0x2000083f   COMPRESSED   0x00000001   PAD
    0x20000840        -       0x00001000   Zero   RW          167    STACK               startup_stm32f030x8.o


==============================================================================

Image component sizes


      Code (inc. data)   RO Data    RW Data    ZI Data      Debug   Object Name

      1604        172          0        206        136       9040   adc.o
      2708        366          0         40        400       7707   e2prom.o
      1076        116          0         48          0       3411   errorfunc.o
       608         96        528          7          0       3616   ic74hc165.o
       172          8          0          1          0       1698   ic74hc595.o
      1206        172          0          0          0       3869   init.o
      1676        132          0         20          0       5011   key.o
      4876        592          0        149         17      16168   lcd.o
      1150         56          0          4          0       6846   lcd_1621.o
       872         92         26          0          0       8978   lcdfunc.o
      1376        236          0         20          0     135004   main.o
       880         78          0          2          0      11201   mcu_api.o
      4414        420          3        171         20      17293   mode.o
      3882        670          0         38         64      23931   modefunc.o
      1148        210         32          0          0       7806   protocol.o
       842         80          0         36          0       5734   rtc.o
       720          6          0          1          0       7340   siic.o
        28          8        192          0       4096        604   startup_stm32f030x8.o
       230          8          0          0          0     101238   stm32f0xx_adc.o
       132          8          0          0          0       1743   stm32f0xx_exti.o
       206          6          0          0          0       4385   stm32f0xx_gpio.o
         8          0          0          0          0      49821   stm32f0xx_it.o
        88         14          0          0          0       1064   stm32f0xx_misc.o
       416         60          0         16          0       4454   stm32f0xx_rcc.o
        40          4          0          0          0        620   stm32f0xx_syscfg.o
       592         88          0          0          0       8657   stm32f0xx_tim.o
       318         12          0          0          0       5947   stm32f0xx_usart.o
       980        104          0         12         32       6265   suart.o
       116         22          0          8          0       9332   sysclock.o
        18          0          0          0          0        447   sysdelay.o
       726        130          0         13        131       9282   system.o
       260         22          0         20          0       1789   system_stm32f0xx.o
      1846        190        512         67         58       8563   uart.o
       864         78          0          9         42       6373   uart485.o
       116         44          0          0          0       2926   wdog.o
      2516        238          0        129        164       9763   wifi.o

    ----------------------------------------------------------------------
     38742       4538       1328       1040       5168     507926   Object Totals
         0          0         32          0          0          0   (incl. Generated)
        32          0          3         23          8          0   (incl. Padding)

    ----------------------------------------------------------------------

      Code (inc. data)   RO Data    RW Data    ZI Data      Debug   Library Member Name

        86          0          0          0          0          0   __dczerorl2.o
         0          0          0          0          0          0   entry.o
         0          0          0          0          0          0   entry10a.o
         0          0          0          0          0          0   entry11a.o
         8          4          0          0          0          0   entry2.o
         4          0          0          0          0          0   entry5.o
         0          0          0          0          0          0   entry7b.o
         0          0          0          0          0          0   entry8b.o
         8          4          0          0          0          0   entry9a.o
        30          0          0          0          0          0   handlers.o
        40          0          0          0          0         72   idiv.o
        36          8          0          0          0         68   init.o
        26          0          0          0          0         72   memcmp.o
        36          0          0          0          0         60   memcpya.o
        36          0          0          0          0        100   memseta.o
        44          0          0          0          0         72   uidiv.o

    ----------------------------------------------------------------------
       358         16          0          0          0        444   Library Totals
         4          0          0          0          0          0   (incl. Padding)

    ----------------------------------------------------------------------

      Code (inc. data)   RO Data    RW Data    ZI Data      Debug   Library Name

       354         16          0          0          0        444   mc_p.l

    ----------------------------------------------------------------------
       358         16          0          0          0        444   Library Totals

    ----------------------------------------------------------------------

==============================================================================


      Code (inc. data)   RO Data    RW Data    ZI Data      Debug   

     39100       4554       1328       1040       5168     496362   Grand Totals
     39100       4554       1328        336       5168     496362   ELF Image Totals (compressed)
     39100       4554       1328        336          0          0   ROM Totals

==============================================================================

    Total RO  Size (Code + RO Data)                40428 (  39.48kB)
    Total RW  Size (RW Data + ZI Data)              6208 (   6.06kB)
    Total ROM Size (Code + RO Data + RW Data)      40764 (  39.81kB)

==============================================================================

